// Vitest Snapshot v1, https://vitest.dev/guide/snapshot.html

exports[`metaEngine ranking snapshots > keeps the complete all ranking stable 1`] = `
[
  {
    "categoryRank": {
      "position": 1,
      "total": 10,
    },
    "categoryTier": "S",
    "className": "Assault Rifle",
    "dataQuality": 100,
    "mpTtkMs": 236,
    "rank": 1,
    "redsecTtkMs": 596,
    "roleFit": 88,
    "score": 85,
    "tier": "S",
    "weapon": "VCR-2",
  },
  {
    "categoryRank": {
      "position": 2,
      "total": 10,
    },
    "categoryTier": "S",
    "className": "Assault Rifle",
    "dataQuality": 100,
    "mpTtkMs": 293,
    "rank": 2,
    "redsecTtkMs": 713,
    "roleFit": 88,
    "score": 84,
    "tier": "S",
    "weapon": "KORD 6P67",
  },
  {
    "categoryRank": {
      "position": 1,
      "total": 10,
    },
    "categoryTier": "S",
    "className": "LMG",
    "dataQuality": 100,
    "mpTtkMs": 261,
    "rank": 3,
    "redsecTtkMs": 671,
    "roleFit": 84,
    "score": 84,
    "tier": "S",
    "weapon": "DRS-IAR",
  },
  {
    "categoryRank": {
      "position": 2,
      "total": 10,
    },
    "categoryTier": "S",
    "className": "LMG",
    "dataQuality": 100,
    "mpTtkMs": 276,
    "rank": 4,
    "redsecTtkMs": 712,
    "roleFit": 84,
    "score": 84,
    "tier": "S",
    "weapon": "L110",
  },
  {
    "categoryRank": {
      "position": 1,
      "total": 8,
    },
    "categoryTier": "S",
    "className": "Carbine",
    "dataQuality": 100,
    "mpTtkMs": 289,
    "rank": 5,
    "redsecTtkMs": 734,
    "roleFit": 86,
    "score": 83,
    "tier": "S",
    "weapon": "SG-553R",
  },
  {
    "categoryRank": {
      "position": 3,
      "total": 10,
    },
    "categoryTier": "A",
    "className": "LMG",
    "dataQuality": 100,
    "mpTtkMs": 293,
    "rank": 6,
    "redsecTtkMs": 668,
    "roleFit": 84,
    "score": 83,
    "tier": "S",
    "weapon": "M250",
  },
  {
    "categoryRank": {
      "position": 1,
      "total": 9,
    },
    "categoryTier": "S",
    "className": "SMG",
    "dataQuality": 100,
    "mpTtkMs": 339,
    "rank": 7,
    "redsecTtkMs": 810,
    "roleFit": 78,
    "score": 83,
    "tier": "S",
    "weapon": "SGX",
  },
  {
    "categoryRank": {
      "position": 2,
      "total": 9,
    },
    "categoryTier": "S",
    "className": "SMG",
    "dataQuality": 100,
    "mpTtkMs": 368,
    "rank": 8,
    "redsecTtkMs": 795,
    "roleFit": 78,
    "score": 83,
    "tier": "S",
    "weapon": "USG-90",
  },
  {
    "categoryRank": {
      "position": 4,
      "total": 10,
    },
    "categoryTier": "A",
    "className": "LMG",
    "dataQuality": 100,
    "mpTtkMs": 369,
    "rank": 9,
    "redsecTtkMs": 967,
    "roleFit": 84,
    "score": 82,
    "tier": "S",
    "weapon": "KTS100 MK8",
  },
  {
    "categoryRank": {
      "position": 5,
      "total": 10,
    },
    "categoryTier": "B",
    "className": "LMG",
    "dataQuality": 100,
    "mpTtkMs": 369,
    "rank": 10,
    "redsecTtkMs": 720,
    "roleFit": 84,
    "score": 82,
    "tier": "S",
    "weapon": "RPK-74M",
  },
  {
    "categoryRank": {
      "position": 3,
      "total": 9,
    },
    "categoryTier": "A",
    "className": "SMG",
    "dataQuality": 100,
    "mpTtkMs": 358,
    "rank": 11,
    "redsecTtkMs": 859,
    "roleFit": 78,
    "score": 82,
    "tier": "S",
    "weapon": "PW5A3",
  },
  {
    "categoryRank": {
      "position": 2,
      "total": 8,
    },
    "categoryTier": "S",
    "className": "Carbine",
    "dataQuality": 100,
    "mpTtkMs": 444,
    "rank": 12,
    "redsecTtkMs": 964,
    "roleFit": 86,
    "score": 81,
    "tier": "S",
    "weapon": "AK-205",
  },
  {
    "categoryRank": {
      "position": 1,
      "total": 5,
    },
    "categoryTier": "S",
    "className": "Sniper",
    "dataQuality": 100,
    "mpTtkMs": 1420,
    "rank": 13,
    "redsecTtkMs": 2834,
    "roleFit": 72,
    "score": 79,
    "tier": "A",
    "weapon": "M2010 ESR",
  },
  {
    "categoryRank": {
      "position": 3,
      "total": 10,
    },
    "categoryTier": "A",
    "className": "Assault Rifle",
    "dataQuality": 100,
    "mpTtkMs": 247,
    "rank": 14,
    "redsecTtkMs": 631,
    "roleFit": 88,
    "score": 77,
    "tier": "A",
    "weapon": "M433",
  },
  {
    "categoryRank": {
      "position": 4,
      "total": 10,
    },
    "categoryTier": "A",
    "className": "Assault Rifle",
    "dataQuality": 100,
    "mpTtkMs": 276,
    "rank": 15,
    "redsecTtkMs": 712,
    "roleFit": 88,
    "score": 76,
    "tier": "A",
    "weapon": "B36A4",
  },
  {
    "categoryRank": {
      "position": 4,
      "total": 9,
    },
    "categoryTier": "A",
    "className": "SMG",
    "dataQuality": 100,
    "mpTtkMs": 280,
    "rank": 16,
    "redsecTtkMs": 656,
    "roleFit": 78,
    "score": 76,
    "tier": "A",
    "weapon": "KV9",
  },
  {
    "categoryRank": {
      "position": 5,
      "total": 9,
    },
    "categoryTier": "B",
    "className": "SMG",
    "dataQuality": 100,
    "mpTtkMs": 300,
    "rank": 17,
    "redsecTtkMs": 709,
    "roleFit": 78,
    "score": 76,
    "tier": "A",
    "weapon": "CZ3A1",
  },
  {
    "categoryRank": {
      "position": 5,
      "total": 10,
    },
    "categoryTier": "B",
    "className": "Assault Rifle",
    "dataQuality": 100,
    "mpTtkMs": 308,
    "rank": 18,
    "redsecTtkMs": 799,
    "roleFit": 88,
    "score": 75,
    "tier": "A",
    "weapon": "L85A3",
  },
  {
    "categoryRank": {
      "position": 6,
      "total": 10,
    },
    "categoryTier": "B",
    "className": "Assault Rifle",
    "dataQuality": 100,
    "mpTtkMs": 305,
    "rank": 19,
    "redsecTtkMs": 786,
    "roleFit": 88,
    "score": 75,
    "tier": "A",
    "weapon": "NVO-228E",
  },
  {
    "categoryRank": {
      "position": 7,
      "total": 10,
    },
    "categoryTier": "C",
    "className": "Assault Rifle",
    "dataQuality": 100,
    "mpTtkMs": 261,
    "rank": 20,
    "redsecTtkMs": 866,
    "roleFit": 88,
    "score": 75,
    "tier": "A",
    "weapon": "AK4D",
  },
  {
    "categoryRank": {
      "position": 3,
      "total": 8,
    },
    "categoryTier": "A",
    "className": "Carbine",
    "dataQuality": 100,
    "mpTtkMs": 306,
    "rank": 21,
    "redsecTtkMs": 736,
    "roleFit": 86,
    "score": 75,
    "tier": "A",
    "weapon": "M4A1",
  },
  {
    "categoryRank": {
      "position": 4,
      "total": 8,
    },
    "categoryTier": "A",
    "className": "Carbine",
    "dataQuality": 100,
    "mpTtkMs": 342,
    "rank": 22,
    "redsecTtkMs": 833,
    "roleFit": 86,
    "score": 75,
    "tier": "A",
    "weapon": "QBZ-192",
  },
  {
    "categoryRank": {
      "position": 5,
      "total": 8,
    },
    "categoryTier": "B",
    "className": "Carbine",
    "dataQuality": 100,
    "mpTtkMs": 309,
    "rank": 23,
    "redsecTtkMs": 792,
    "roleFit": 86,
    "score": 75,
    "tier": "A",
    "weapon": "M417 A2",
  },
  {
    "categoryRank": {
      "position": 6,
      "total": 10,
    },
    "categoryTier": "B",
    "className": "LMG",
    "dataQuality": 100,
    "mpTtkMs": 261,
    "rank": 24,
    "redsecTtkMs": 866,
    "roleFit": 84,
    "score": 75,
    "tier": "A",
    "weapon": "M/60",
  },
  {
    "categoryRank": {
      "position": 7,
      "total": 10,
    },
    "categoryTier": "C",
    "className": "LMG",
    "dataQuality": 100,
    "mpTtkMs": 225,
    "rank": 25,
    "redsecTtkMs": 715,
    "roleFit": 84,
    "score": 75,
    "tier": "A",
    "weapon": "M121 A2",
  },
  {
    "categoryRank": {
      "position": 6,
      "total": 9,
    },
    "categoryTier": "B",
    "className": "SMG",
    "dataQuality": 100,
    "mpTtkMs": 272,
    "rank": 26,
    "redsecTtkMs": 682,
    "roleFit": 78,
    "score": 75,
    "tier": "A",
    "weapon": "SCW-10",
  },
  {
    "categoryRank": {
      "position": 7,
      "total": 9,
    },
    "categoryTier": "C",
    "className": "SMG",
    "dataQuality": 100,
    "mpTtkMs": 350,
    "rank": 27,
    "redsecTtkMs": 819,
    "roleFit": 78,
    "score": 75,
    "tier": "A",
    "weapon": "PW7A2",
  },
  {
    "categoryRank": {
      "position": 8,
      "total": 10,
    },
    "categoryTier": "C",
    "className": "Assault Rifle",
    "dataQuality": 100,
    "mpTtkMs": 342,
    "rank": 28,
    "redsecTtkMs": 889,
    "roleFit": 88,
    "score": 74,
    "tier": "A",
    "weapon": "SOR-556 Mk2",
  },
  {
    "categoryRank": {
      "position": 6,
      "total": 8,
    },
    "categoryTier": "C",
    "className": "Carbine",
    "dataQuality": 100,
    "mpTtkMs": 336,
    "rank": 29,
    "redsecTtkMs": 862,
    "roleFit": 86,
    "score": 74,
    "tier": "A",
    "weapon": "SOR-300C",
  },
  {
    "categoryRank": {
      "position": 8,
      "total": 10,
    },
    "categoryTier": "C",
    "className": "LMG",
    "dataQuality": 100,
    "mpTtkMs": 349,
    "rank": 30,
    "redsecTtkMs": 910,
    "roleFit": 84,
    "score": 74,
    "tier": "A",
    "weapon": "RPKM",
  },
  {
    "categoryRank": {
      "position": 8,
      "total": 9,
    },
    "categoryTier": "D",
    "className": "SMG",
    "dataQuality": 100,
    "mpTtkMs": 419,
    "rank": 31,
    "redsecTtkMs": 1017,
    "roleFit": 78,
    "score": 73,
    "tier": "A",
    "weapon": "UMG-40",
  },
  {
    "categoryRank": {
      "position": 9,
      "total": 9,
    },
    "categoryTier": "D",
    "className": "SMG",
    "dataQuality": 100,
    "mpTtkMs": 395,
    "rank": 32,
    "redsecTtkMs": 958,
    "roleFit": 78,
    "score": 73,
    "tier": "A",
    "weapon": "SL9",
  },
  {
    "categoryRank": {
      "position": 2,
      "total": 5,
    },
    "categoryTier": "A",
    "className": "Sniper",
    "dataQuality": 100,
    "mpTtkMs": 1201,
    "rank": 33,
    "redsecTtkMs": 2397,
    "roleFit": 72,
    "score": 72,
    "tier": "A",
    "weapon": "MINI SCOUT",
  },
  {
    "categoryRank": {
      "position": 3,
      "total": 5,
    },
    "categoryTier": "B",
    "className": "Sniper",
    "dataQuality": 100,
    "mpTtkMs": 1607,
    "rank": 34,
    "redsecTtkMs": 3207,
    "roleFit": 72,
    "score": 72,
    "tier": "A",
    "weapon": "SV-98",
  },
  {
    "categoryRank": {
      "position": 1,
      "total": 5,
    },
    "categoryTier": "S",
    "className": "DMR",
    "dataQuality": 100,
    "mpTtkMs": 492,
    "rank": 35,
    "redsecTtkMs": 978,
    "roleFit": 80,
    "score": 71,
    "tier": "B",
    "weapon": "M39 EMR",
  },
  {
    "categoryRank": {
      "position": 4,
      "total": 5,
    },
    "categoryTier": "C",
    "className": "Sniper",
    "dataQuality": 100,
    "mpTtkMs": 1607,
    "rank": 36,
    "redsecTtkMs": 3207,
    "roleFit": 72,
    "score": 71,
    "tier": "B",
    "weapon": "PSR",
  },
  {
    "categoryRank": {
      "position": 5,
      "total": 5,
    },
    "categoryTier": "D",
    "className": "Sniper",
    "dataQuality": 100,
    "mpTtkMs": 1333,
    "rank": 37,
    "redsecTtkMs": 2658,
    "roleFit": 72,
    "score": 71,
    "tier": "B",
    "weapon": "L115",
  },
  {
    "categoryRank": {
      "position": 1,
      "total": 6,
    },
    "categoryTier": "S",
    "className": "Pistol",
    "dataQuality": 100,
    "mpTtkMs": 501,
    "rank": 38,
    "redsecTtkMs": 1061,
    "roleFit": 34,
    "score": 71,
    "tier": "B",
    "weapon": "VZ. 61",
  },
  {
    "categoryRank": {
      "position": 7,
      "total": 8,
    },
    "categoryTier": "D",
    "className": "Carbine",
    "dataQuality": 100,
    "mpTtkMs": 282,
    "rank": 39,
    "redsecTtkMs": 639,
    "roleFit": 86,
    "score": 68,
    "tier": "B",
    "weapon": "M277",
  },
  {
    "categoryRank": {
      "position": 9,
      "total": 10,
    },
    "categoryTier": "D",
    "className": "LMG",
    "dataQuality": 100,
    "mpTtkMs": 254,
    "rank": 40,
    "redsecTtkMs": 644,
    "roleFit": 84,
    "score": 68,
    "tier": "B",
    "weapon": "M123K",
  },
  {
    "categoryRank": {
      "position": 1,
      "total": 1,
    },
    "categoryTier": "S",
    "className": "Revolver",
    "dataQuality": 100,
    "mpTtkMs": 414,
    "rank": 41,
    "redsecTtkMs": 1920,
    "roleFit": 34,
    "score": 68,
    "tier": "B",
    "weapon": "M44",
  },
  {
    "categoryRank": {
      "position": 10,
      "total": 10,
    },
    "categoryTier": "D",
    "className": "LMG",
    "dataQuality": 100,
    "mpTtkMs": 232,
    "rank": 42,
    "redsecTtkMs": 756,
    "roleFit": 84,
    "score": 67,
    "tier": "B",
    "weapon": "M240L",
  },
  {
    "categoryRank": {
      "position": 2,
      "total": 6,
    },
    "categoryTier": "S",
    "className": "Pistol",
    "dataQuality": 100,
    "mpTtkMs": 657,
    "rank": 43,
    "redsecTtkMs": 1600,
    "roleFit": 34,
    "score": 67,
    "tier": "B",
    "weapon": "P18",
  },
  {
    "categoryRank": {
      "position": 1,
      "total": 4,
    },
    "categoryTier": "S",
    "className": "Shotgun",
    "dataQuality": 100,
    "mpTtkMs": 688,
    "rank": 44,
    "redsecTtkMs": 2641,
    "roleFit": 62,
    "score": 65,
    "tier": "B",
    "weapon": "M87A1",
  },
  {
    "categoryRank": {
      "position": 2,
      "total": 5,
    },
    "categoryTier": "A",
    "className": "DMR",
    "dataQuality": 100,
    "mpTtkMs": 431,
    "rank": 45,
    "redsecTtkMs": 855,
    "roleFit": 80,
    "score": 64,
    "tier": "B",
    "weapon": "SVDM",
  },
  {
    "categoryRank": {
      "position": 3,
      "total": 5,
    },
    "categoryTier": "B",
    "className": "DMR",
    "dataQuality": 100,
    "mpTtkMs": 520,
    "rank": 46,
    "redsecTtkMs": 1035,
    "roleFit": 80,
    "score": 63,
    "tier": "B",
    "weapon": "GRT-CPS",
  },
  {
    "categoryRank": {
      "position": 4,
      "total": 5,
    },
    "categoryTier": "C",
    "className": "DMR",
    "dataQuality": 100,
    "mpTtkMs": 422,
    "rank": 47,
    "redsecTtkMs": 1239,
    "roleFit": 80,
    "score": 62,
    "tier": "B",
    "weapon": "SVK-8.6",
  },
  {
    "categoryRank": {
      "position": 9,
      "total": 10,
    },
    "categoryTier": "D",
    "className": "Assault Rifle",
    "dataQuality": 100,
    "mpTtkMs": 198,
    "rank": 48,
    "redsecTtkMs": 637,
    "roleFit": 88,
    "score": 61,
    "tier": "C",
    "weapon": "TR-7",
  },
  {
    "categoryRank": {
      "position": 2,
      "total": 4,
    },
    "categoryTier": "A",
    "className": "Shotgun",
    "dataQuality": 100,
    "mpTtkMs": 450,
    "rank": 49,
    "redsecTtkMs": 1488,
    "roleFit": 62,
    "score": 60,
    "tier": "C",
    "weapon": "18.5KS-K",
  },
  {
    "categoryRank": {
      "position": 3,
      "total": 6,
    },
    "categoryTier": "A",
    "className": "Pistol",
    "dataQuality": 100,
    "mpTtkMs": 717,
    "rank": 50,
    "redsecTtkMs": 1754,
    "roleFit": 34,
    "score": 58,
    "tier": "C",
    "weapon": "GGH-22",
  },
  {
    "categoryRank": {
      "position": 4,
      "total": 6,
    },
    "categoryTier": "B",
    "className": "Pistol",
    "dataQuality": 100,
    "mpTtkMs": 582,
    "rank": 51,
    "redsecTtkMs": 1685,
    "roleFit": 34,
    "score": 58,
    "tier": "C",
    "weapon": "M357 TRAIT",
  },
  {
    "categoryRank": {
      "position": 10,
      "total": 10,
    },
    "categoryTier": "D",
    "className": "Assault Rifle",
    "dataQuality": 100,
    "mpTtkMs": 256,
    "rank": 52,
    "redsecTtkMs": 661,
    "roleFit": 88,
    "score": 51,
    "tier": "C",
    "weapon": "M16A4",
  },
  {
    "categoryRank": {
      "position": 5,
      "total": 6,
    },
    "categoryTier": "D",
    "className": "Pistol",
    "dataQuality": 100,
    "mpTtkMs": 697,
    "rank": 53,
    "redsecTtkMs": 1521,
    "roleFit": 34,
    "score": 51,
    "tier": "C",
    "weapon": "ES 5.7",
  },
  {
    "categoryRank": {
      "position": 3,
      "total": 4,
    },
    "categoryTier": "B",
    "className": "Shotgun",
    "dataQuality": 100,
    "mpTtkMs": 650,
    "rank": 54,
    "redsecTtkMs": 1588,
    "roleFit": 62,
    "score": 50,
    "tier": "C",
    "weapon": "M1014",
  },
  {
    "categoryRank": {
      "position": 6,
      "total": 6,
    },
    "categoryTier": "D",
    "className": "Pistol",
    "dataQuality": 100,
    "mpTtkMs": 610,
    "rank": 55,
    "redsecTtkMs": 1572,
    "roleFit": 34,
    "score": 50,
    "tier": "C",
    "weapon": "M45A1",
  },
  {
    "categoryRank": {
      "position": 8,
      "total": 8,
    },
    "categoryTier": "D",
    "className": "Carbine",
    "dataQuality": 100,
    "mpTtkMs": 323,
    "rank": 56,
    "redsecTtkMs": 781,
    "roleFit": 86,
    "score": 49,
    "tier": "D",
    "weapon": "GRT-BC",
  },
  {
    "categoryRank": {
      "position": 4,
      "total": 4,
    },
    "categoryTier": "D",
    "className": "Shotgun",
    "dataQuality": 100,
    "mpTtkMs": 850,
    "rank": 57,
    "redsecTtkMs": 2888,
    "roleFit": 62,
    "score": 49,
    "tier": "D",
    "weapon": "DB-12",
  },
  {
    "categoryRank": {
      "position": 5,
      "total": 5,
    },
    "categoryTier": "D",
    "className": "DMR",
    "dataQuality": 100,
    "mpTtkMs": 423,
    "rank": 58,
    "redsecTtkMs": 840,
    "roleFit": 80,
    "score": 47,
    "tier": "D",
    "weapon": "LMR 27",
  },
]
`;

exports[`metaEngine ranking snapshots > keeps the complete assault ranking stable 1`] = `
[
  {
    "categoryRank": {
      "position": 1,
      "total": 10,
    },
    "categoryTier": "S",
    "className": "Assault Rifle",
    "dataQuality": 100,
    "mpTtkMs": 293,
    "rank": 1,
    "redsecTtkMs": 713,
    "roleFit": 96,
    "score": 85,
    "tier": "S",
    "weapon": "KORD 6P67",
  },
  {
    "categoryRank": {
      "position": 2,
      "total": 10,
    },
    "categoryTier": "S",
    "className": "Assault Rifle",
    "dataQuality": 100,
    "mpTtkMs": 236,
    "rank": 2,
    "redsecTtkMs": 596,
    "roleFit": 96,
    "score": 85,
    "tier": "S",
    "weapon": "VCR-2",
  },
  {
    "categoryRank": {
      "position": 1,
      "total": 8,
    },
    "categoryTier": "S",
    "className": "Carbine",
    "dataQuality": 100,
    "mpTtkMs": 289,
    "rank": 3,
    "redsecTtkMs": 734,
    "roleFit": 88,
    "score": 84,
    "tier": "S",
    "weapon": "SG-553R",
  },
  {
    "categoryRank": {
      "position": 1,
      "total": 9,
    },
    "categoryTier": "S",
    "className": "SMG",
    "dataQuality": 100,
    "mpTtkMs": 339,
    "rank": 4,
    "redsecTtkMs": 810,
    "roleFit": 86,
    "score": 84,
    "tier": "S",
    "weapon": "SGX",
  },
  {
    "categoryRank": {
      "position": 2,
      "total": 9,
    },
    "categoryTier": "S",
    "className": "SMG",
    "dataQuality": 100,
    "mpTtkMs": 358,
    "rank": 5,
    "redsecTtkMs": 859,
    "roleFit": 86,
    "score": 84,
    "tier": "S",
    "weapon": "PW5A3",
  },
  {
    "categoryRank": {
      "position": 3,
      "total": 9,
    },
    "categoryTier": "A",
    "className": "SMG",
    "dataQuality": 100,
    "mpTtkMs": 368,
    "rank": 6,
    "redsecTtkMs": 795,
    "roleFit": 86,
    "score": 84,
    "tier": "S",
    "weapon": "USG-90",
  },
  {
    "categoryRank": {
      "position": 2,
      "total": 8,
    },
    "categoryTier": "S",
    "className": "Carbine",
    "dataQuality": 100,
    "mpTtkMs": 444,
    "rank": 7,
    "redsecTtkMs": 964,
    "roleFit": 88,
    "score": 83,
    "tier": "S",
    "weapon": "AK-205",
  },
  {
    "categoryRank": {
      "position": 1,
      "total": 10,
    },
    "categoryTier": "S",
    "className": "LMG",
    "dataQuality": 100,
    "mpTtkMs": 261,
    "rank": 8,
    "redsecTtkMs": 671,
    "roleFit": 58,
    "score": 82,
    "tier": "S",
    "weapon": "DRS-IAR",
  },
  {
    "categoryRank": {
      "position": 2,
      "total": 10,
    },
    "categoryTier": "S",
    "className": "LMG",
    "dataQuality": 100,
    "mpTtkMs": 276,
    "rank": 9,
    "redsecTtkMs": 712,
    "roleFit": 58,
    "score": 81,
    "tier": "S",
    "weapon": "L110",
  },
  {
    "categoryRank": {
      "position": 3,
      "total": 10,
    },
    "categoryTier": "A",
    "className": "LMG",
    "dataQuality": 100,
    "mpTtkMs": 293,
    "rank": 10,
    "redsecTtkMs": 668,
    "roleFit": 58,
    "score": 81,
    "tier": "S",
    "weapon": "M250",
  },
  {
    "categoryRank": {
      "position": 4,
      "total": 10,
    },
    "categoryTier": "A",
    "className": "LMG",
    "dataQuality": 100,
    "mpTtkMs": 369,
    "rank": 11,
    "redsecTtkMs": 720,
    "roleFit": 58,
    "score": 81,
    "tier": "S",
    "weapon": "RPK-74M",
  },
  {
    "categoryRank": {
      "position": 5,
      "total": 10,
    },
    "categoryTier": "B",
    "className": "LMG",
    "dataQuality": 100,
    "mpTtkMs": 369,
    "rank": 12,
    "redsecTtkMs": 967,
    "roleFit": 58,
    "score": 80,
    "tier": "S",
    "weapon": "KTS100 MK8",
  },
  {
    "categoryRank": {
      "position": 1,
      "total": 5,
    },
    "categoryTier": "S",
    "className": "Sniper",
    "dataQuality": 100,
    "mpTtkMs": 1420,
    "rank": 13,
    "redsecTtkMs": 2834,
    "roleFit": 42,
    "score": 79,
    "tier": "A",
    "weapon": "M2010 ESR",
  },
  {
    "categoryRank": {
      "position": 4,
      "total": 9,
    },
    "categoryTier": "A",
    "className": "SMG",
    "dataQuality": 100,
    "mpTtkMs": 280,
    "rank": 14,
    "redsecTtkMs": 656,
    "roleFit": 86,
    "score": 78,
    "tier": "A",
    "weapon": "KV9",
  },
  {
    "categoryRank": {
      "position": 3,
      "total": 10,
    },
    "categoryTier": "A",
    "className": "Assault Rifle",
    "dataQuality": 100,
    "mpTtkMs": 247,
    "rank": 15,
    "redsecTtkMs": 631,
    "roleFit": 96,
    "score": 77,
    "tier": "A",
    "weapon": "M433",
  },
  {
    "categoryRank": {
      "position": 4,
      "total": 10,
    },
    "categoryTier": "A",
    "className": "Assault Rifle",
    "dataQuality": 100,
    "mpTtkMs": 276,
    "rank": 16,
    "redsecTtkMs": 712,
    "roleFit": 96,
    "score": 77,
    "tier": "A",
    "weapon": "B36A4",
  },
  {
    "categoryRank": {
      "position": 5,
      "total": 9,
    },
    "categoryTier": "B",
    "className": "SMG",
    "dataQuality": 100,
    "mpTtkMs": 272,
    "rank": 17,
    "redsecTtkMs": 682,
    "roleFit": 86,
    "score": 77,
    "tier": "A",
    "weapon": "SCW-10",
  },
  {
    "categoryRank": {
      "position": 6,
      "total": 9,
    },
    "categoryTier": "B",
    "className": "SMG",
    "dataQuality": 100,
    "mpTtkMs": 300,
    "rank": 18,
    "redsecTtkMs": 709,
    "roleFit": 86,
    "score": 77,
    "tier": "A",
    "weapon": "CZ3A1",
  },
  {
    "categoryRank": {
      "position": 5,
      "total": 10,
    },
    "categoryTier": "B",
    "className": "Assault Rifle",
    "dataQuality": 100,
    "mpTtkMs": 308,
    "rank": 19,
    "redsecTtkMs": 799,
    "roleFit": 96,
    "score": 76,
    "tier": "A",
    "weapon": "L85A3",
  },
  {
    "categoryRank": {
      "position": 6,
      "total": 10,
    },
    "categoryTier": "B",
    "className": "Assault Rifle",
    "dataQuality": 100,
    "mpTtkMs": 305,
    "rank": 20,
    "redsecTtkMs": 786,
    "roleFit": 96,
    "score": 76,
    "tier": "A",
    "weapon": "NVO-228E",
  },
  {
    "categoryRank": {
      "position": 7,
      "total": 10,
    },
    "categoryTier": "C",
    "className": "Assault Rifle",
    "dataQuality": 100,
    "mpTtkMs": 261,
    "rank": 21,
    "redsecTtkMs": 866,
    "roleFit": 96,
    "score": 76,
    "tier": "A",
    "weapon": "AK4D",
  },
  {
    "categoryRank": {
      "position": 3,
      "total": 8,
    },
    "categoryTier": "A",
    "className": "Carbine",
    "dataQuality": 100,
    "mpTtkMs": 306,
    "rank": 22,
    "redsecTtkMs": 736,
    "roleFit": 88,
    "score": 76,
    "tier": "A",
    "weapon": "M4A1",
  },
  {
    "categoryRank": {
      "position": 4,
      "total": 8,
    },
    "categoryTier": "A",
    "className": "Carbine",
    "dataQuality": 100,
    "mpTtkMs": 342,
    "rank": 23,
    "redsecTtkMs": 833,
    "roleFit": 88,
    "score": 76,
    "tier": "A",
    "weapon": "QBZ-192",
  },
  {
    "categoryRank": {
      "position": 5,
      "total": 8,
    },
    "categoryTier": "B",
    "className": "Carbine",
    "dataQuality": 100,
    "mpTtkMs": 309,
    "rank": 24,
    "redsecTtkMs": 792,
    "roleFit": 88,
    "score": 76,
    "tier": "A",
    "weapon": "M417 A2",
  },
  {
    "categoryRank": {
      "position": 7,
      "total": 9,
    },
    "categoryTier": "C",
    "className": "SMG",
    "dataQuality": 100,
    "mpTtkMs": 350,
    "rank": 25,
    "redsecTtkMs": 819,
    "roleFit": 86,
    "score": 76,
    "tier": "A",
    "weapon": "PW7A2",
  },
  {
    "categoryRank": {
      "position": 8,
      "total": 9,
    },
    "categoryTier": "D",
    "className": "SMG",
    "dataQuality": 100,
    "mpTtkMs": 395,
    "rank": 26,
    "redsecTtkMs": 958,
    "roleFit": 86,
    "score": 76,
    "tier": "A",
    "weapon": "SL9",
  },
  {
    "categoryRank": {
      "position": 8,
      "total": 10,
    },
    "categoryTier": "C",
    "className": "Assault Rifle",
    "dataQuality": 100,
    "mpTtkMs": 342,
    "rank": 27,
    "redsecTtkMs": 889,
    "roleFit": 96,
    "score": 75,
    "tier": "A",
    "weapon": "SOR-556 Mk2",
  },
  {
    "categoryRank": {
      "position": 6,
      "total": 8,
    },
    "categoryTier": "C",
    "className": "Carbine",
    "dataQuality": 100,
    "mpTtkMs": 336,
    "rank": 28,
    "redsecTtkMs": 862,
    "roleFit": 88,
    "score": 75,
    "tier": "A",
    "weapon": "SOR-300C",
  },
  {
    "categoryRank": {
      "position": 9,
      "total": 9,
    },
    "categoryTier": "D",
    "className": "SMG",
    "dataQuality": 100,
    "mpTtkMs": 419,
    "rank": 29,
    "redsecTtkMs": 1017,
    "roleFit": 86,
    "score": 75,
    "tier": "A",
    "weapon": "UMG-40",
  },
  {
    "categoryRank": {
      "position": 6,
      "total": 10,
    },
    "categoryTier": "B",
    "className": "LMG",
    "dataQuality": 100,
    "mpTtkMs": 225,
    "rank": 30,
    "redsecTtkMs": 715,
    "roleFit": 58,
    "score": 74,
    "tier": "A",
    "weapon": "M121 A2",
  },
  {
    "categoryRank": {
      "position": 7,
      "total": 10,
    },
    "categoryTier": "C",
    "className": "LMG",
    "dataQuality": 100,
    "mpTtkMs": 261,
    "rank": 31,
    "redsecTtkMs": 866,
    "roleFit": 58,
    "score": 73,
    "tier": "A",
    "weapon": "M/60",
  },
  {
    "categoryRank": {
      "position": 8,
      "total": 10,
    },
    "categoryTier": "C",
    "className": "LMG",
    "dataQuality": 100,
    "mpTtkMs": 349,
    "rank": 32,
    "redsecTtkMs": 910,
    "roleFit": 58,
    "score": 72,
    "tier": "A",
    "weapon": "RPKM",
  },
  {
    "categoryRank": {
      "position": 2,
      "total": 5,
    },
    "categoryTier": "A",
    "className": "Sniper",
    "dataQuality": 100,
    "mpTtkMs": 1201,
    "rank": 33,
    "redsecTtkMs": 2397,
    "roleFit": 42,
    "score": 72,
    "tier": "A",
    "weapon": "MINI SCOUT",
  },
  {
    "categoryRank": {
      "position": 3,
      "total": 5,
    },
    "categoryTier": "B",
    "className": "Sniper",
    "dataQuality": 100,
    "mpTtkMs": 1607,
    "rank": 34,
    "redsecTtkMs": 3207,
    "roleFit": 42,
    "score": 71,
    "tier": "B",
    "weapon": "PSR",
  },
  {
    "categoryRank": {
      "position": 4,
      "total": 5,
    },
    "categoryTier": "C",
    "className": "Sniper",
    "dataQuality": 100,
    "mpTtkMs": 1607,
    "rank": 35,
    "redsecTtkMs": 3207,
    "roleFit": 42,
    "score": 71,
    "tier": "B",
    "weapon": "SV-98",
  },
  {
    "categoryRank": {
      "position": 5,
      "total": 5,
    },
    "categoryTier": "D",
    "className": "Sniper",
    "dataQuality": 100,
    "mpTtkMs": 1333,
    "rank": 36,
    "redsecTtkMs": 2658,
    "roleFit": 42,
    "score": 71,
    "tier": "B",
    "weapon": "L115",
  },
  {
    "categoryRank": {
      "position": 1,
      "total": 6,
    },
    "categoryTier": "S",
    "className": "Pistol",
    "dataQuality": 100,
    "mpTtkMs": 501,
    "rank": 37,
    "redsecTtkMs": 1061,
    "roleFit": 30,
    "score": 71,
    "tier": "B",
    "weapon": "VZ. 61",
  },
  {
    "categoryRank": {
      "position": 1,
      "total": 5,
    },
    "categoryTier": "S",
    "className": "DMR",
    "dataQuality": 100,
    "mpTtkMs": 492,
    "rank": 38,
    "redsecTtkMs": 978,
    "roleFit": 56,
    "score": 70,
    "tier": "B",
    "weapon": "M39 EMR",
  },
  {
    "categoryRank": {
      "position": 1,
      "total": 1,
    },
    "categoryTier": "S",
    "className": "Revolver",
    "dataQuality": 100,
    "mpTtkMs": 414,
    "rank": 39,
    "redsecTtkMs": 1920,
    "roleFit": 30,
    "score": 70,
    "tier": "B",
    "weapon": "M44",
  },
  {
    "categoryRank": {
      "position": 7,
      "total": 8,
    },
    "categoryTier": "D",
    "className": "Carbine",
    "dataQuality": 100,
    "mpTtkMs": 282,
    "rank": 40,
    "redsecTtkMs": 639,
    "roleFit": 88,
    "score": 68,
    "tier": "B",
    "weapon": "M277",
  },
  {
    "categoryRank": {
      "position": 1,
      "total": 4,
    },
    "categoryTier": "S",
    "className": "Shotgun",
    "dataQuality": 100,
    "mpTtkMs": 688,
    "rank": 41,
    "redsecTtkMs": 2641,
    "roleFit": 76,
    "score": 68,
    "tier": "B",
    "weapon": "M87A1",
  },
  {
    "categoryRank": {
      "position": 2,
      "total": 6,
    },
    "categoryTier": "S",
    "className": "Pistol",
    "dataQuality": 100,
    "mpTtkMs": 657,
    "rank": 42,
    "redsecTtkMs": 1600,
    "roleFit": 30,
    "score": 68,
    "tier": "B",
    "weapon": "P18",
  },
  {
    "categoryRank": {
      "position": 9,
      "total": 10,
    },
    "categoryTier": "D",
    "className": "LMG",
    "dataQuality": 100,
    "mpTtkMs": 254,
    "rank": 43,
    "redsecTtkMs": 644,
    "roleFit": 58,
    "score": 66,
    "tier": "B",
    "weapon": "M123K",
  },
  {
    "categoryRank": {
      "position": 10,
      "total": 10,
    },
    "categoryTier": "D",
    "className": "LMG",
    "dataQuality": 100,
    "mpTtkMs": 232,
    "rank": 44,
    "redsecTtkMs": 756,
    "roleFit": 58,
    "score": 65,
    "tier": "B",
    "weapon": "M240L",
  },
  {
    "categoryRank": {
      "position": 2,
      "total": 4,
    },
    "categoryTier": "A",
    "className": "Shotgun",
    "dataQuality": 100,
    "mpTtkMs": 450,
    "rank": 45,
    "redsecTtkMs": 1488,
    "roleFit": 76,
    "score": 64,
    "tier": "B",
    "weapon": "18.5KS-K",
  },
  {
    "categoryRank": {
      "position": 2,
      "total": 5,
    },
    "categoryTier": "A",
    "className": "DMR",
    "dataQuality": 100,
    "mpTtkMs": 431,
    "rank": 46,
    "redsecTtkMs": 855,
    "roleFit": 56,
    "score": 63,
    "tier": "B",
    "weapon": "SVDM",
  },
  {
    "categoryRank": {
      "position": 3,
      "total": 5,
    },
    "categoryTier": "B",
    "className": "DMR",
    "dataQuality": 100,
    "mpTtkMs": 520,
    "rank": 47,
    "redsecTtkMs": 1035,
    "roleFit": 56,
    "score": 63,
    "tier": "B",
    "weapon": "GRT-CPS",
  },
  {
    "categoryRank": {
      "position": 4,
      "total": 5,
    },
    "categoryTier": "C",
    "className": "DMR",
    "dataQuality": 100,
    "mpTtkMs": 422,
    "rank": 48,
    "redsecTtkMs": 1239,
    "roleFit": 56,
    "score": 62,
    "tier": "B",
    "weapon": "SVK-8.6",
  },
  {
    "categoryRank": {
      "position": 9,
      "total": 10,
    },
    "categoryTier": "D",
    "className": "Assault Rifle",
    "dataQuality": 100,
    "mpTtkMs": 198,
    "rank": 49,
    "redsecTtkMs": 637,
    "roleFit": 96,
    "score": 61,
    "tier": "C",
    "weapon": "TR-7",
  },
  {
    "categoryRank": {
      "position": 3,
      "total": 6,
    },
    "categoryTier": "A",
    "className": "Pistol",
    "dataQuality": 100,
    "mpTtkMs": 717,
    "rank": 50,
    "redsecTtkMs": 1754,
    "roleFit": 30,
    "score": 60,
    "tier": "C",
    "weapon": "GGH-22",
  },
  {
    "categoryRank": {
      "position": 4,
      "total": 6,
    },
    "categoryTier": "B",
    "className": "Pistol",
    "dataQuality": 100,
    "mpTtkMs": 582,
    "rank": 51,
    "redsecTtkMs": 1685,
    "roleFit": 30,
    "score": 60,
    "tier": "C",
    "weapon": "M357 TRAIT",
  },
  {
    "categoryRank": {
      "position": 3,
      "total": 4,
    },
    "categoryTier": "B",
    "className": "Shotgun",
    "dataQuality": 100,
    "mpTtkMs": 650,
    "rank": 52,
    "redsecTtkMs": 1588,
    "roleFit": 76,
    "score": 53,
    "tier": "C",
    "weapon": "M1014",
  },
  {
    "categoryRank": {
      "position": 4,
      "total": 4,
    },
    "categoryTier": "D",
    "className": "Shotgun",
    "dataQuality": 100,
    "mpTtkMs": 850,
    "rank": 53,
    "redsecTtkMs": 2888,
    "roleFit": 76,
    "score": 53,
    "tier": "C",
    "weapon": "DB-12",
  },
  {
    "categoryRank": {
      "position": 5,
      "total": 6,
    },
    "categoryTier": "D",
    "className": "Pistol",
    "dataQuality": 100,
    "mpTtkMs": 610,
    "rank": 54,
    "redsecTtkMs": 1572,
    "roleFit": 30,
    "score": 52,
    "tier": "C",
    "weapon": "M45A1",
  },
  {
    "categoryRank": {
      "position": 6,
      "total": 6,
    },
    "categoryTier": "D",
    "className": "Pistol",
    "dataQuality": 100,
    "mpTtkMs": 697,
    "rank": 55,
    "redsecTtkMs": 1521,
    "roleFit": 30,
    "score": 52,
    "tier": "C",
    "weapon": "ES 5.7",
  },
  {
    "categoryRank": {
      "position": 10,
      "total": 10,
    },
    "categoryTier": "D",
    "className": "Assault Rifle",
    "dataQuality": 100,
    "mpTtkMs": 256,
    "rank": 56,
    "redsecTtkMs": 661,
    "roleFit": 96,
    "score": 51,
    "tier": "C",
    "weapon": "M16A4",
  },
  {
    "categoryRank": {
      "position": 8,
      "total": 8,
    },
    "categoryTier": "D",
    "className": "Carbine",
    "dataQuality": 100,
    "mpTtkMs": 323,
    "rank": 57,
    "redsecTtkMs": 781,
    "roleFit": 88,
    "score": 50,
    "tier": "C",
    "weapon": "GRT-BC",
  },
  {
    "categoryRank": {
      "position": 5,
      "total": 5,
    },
    "categoryTier": "D",
    "className": "DMR",
    "dataQuality": 100,
    "mpTtkMs": 423,
    "rank": 58,
    "redsecTtkMs": 840,
    "roleFit": 56,
    "score": 47,
    "tier": "D",
    "weapon": "LMR 27",
  },
]
`;

exports[`metaEngine ranking snapshots > keeps the complete engineer ranking stable 1`] = `
[
  {
    "categoryRank": {
      "position": 1,
      "total": 8,
    },
    "categoryTier": "S",
    "className": "Carbine",
    "dataQuality": 100,
    "mpTtkMs": 289,
    "rank": 1,
    "redsecTtkMs": 734,
    "roleFit": 95,
    "score": 85,
    "tier": "S",
    "weapon": "SG-553R",
  },
  {
    "categoryRank": {
      "position": 1,
      "total": 9,
    },
    "categoryTier": "S",
    "className": "SMG",
    "dataQuality": 100,
    "mpTtkMs": 339,
    "rank": 2,
    "redsecTtkMs": 810,
    "roleFit": 90,
    "score": 85,
    "tier": "S",
    "weapon": "SGX",
  },
  {
    "categoryRank": {
      "position": 2,
      "total": 9,
    },
    "categoryTier": "S",
    "className": "SMG",
    "dataQuality": 100,
    "mpTtkMs": 358,
    "rank": 3,
    "redsecTtkMs": 859,
    "roleFit": 90,
    "score": 85,
    "tier": "S",
    "weapon": "PW5A3",
  },
  {
    "categoryRank": {
      "position": 3,
      "total": 9,
    },
    "categoryTier": "A",
    "className": "SMG",
    "dataQuality": 100,
    "mpTtkMs": 368,
    "rank": 4,
    "redsecTtkMs": 795,
    "roleFit": 90,
    "score": 85,
    "tier": "S",
    "weapon": "USG-90",
  },
  {
    "categoryRank": {
      "position": 2,
      "total": 8,
    },
    "categoryTier": "S",
    "className": "Carbine",
    "dataQuality": 100,
    "mpTtkMs": 444,
    "rank": 5,
    "redsecTtkMs": 964,
    "roleFit": 95,
    "score": 84,
    "tier": "S",
    "weapon": "AK-205",
  },
  {
    "categoryRank": {
      "position": 1,
      "total": 10,
    },
    "categoryTier": "S",
    "className": "Assault Rifle",
    "dataQuality": 100,
    "mpTtkMs": 293,
    "rank": 6,
    "redsecTtkMs": 713,
    "roleFit": 76,
    "score": 84,
    "tier": "S",
    "weapon": "KORD 6P67",
  },
  {
    "categoryRank": {
      "position": 2,
      "total": 10,
    },
    "categoryTier": "S",
    "className": "Assault Rifle",
    "dataQuality": 100,
    "mpTtkMs": 236,
    "rank": 7,
    "redsecTtkMs": 596,
    "roleFit": 76,
    "score": 84,
    "tier": "S",
    "weapon": "VCR-2",
  },
  {
    "categoryRank": {
      "position": 1,
      "total": 10,
    },
    "categoryTier": "S",
    "className": "LMG",
    "dataQuality": 100,
    "mpTtkMs": 261,
    "rank": 8,
    "redsecTtkMs": 671,
    "roleFit": 60,
    "score": 82,
    "tier": "S",
    "weapon": "DRS-IAR",
  },
  {
    "categoryRank": {
      "position": 2,
      "total": 10,
    },
    "categoryTier": "S",
    "className": "LMG",
    "dataQuality": 100,
    "mpTtkMs": 276,
    "rank": 9,
    "redsecTtkMs": 712,
    "roleFit": 60,
    "score": 81,
    "tier": "S",
    "weapon": "L110",
  },
  {
    "categoryRank": {
      "position": 3,
      "total": 10,
    },
    "categoryTier": "A",
    "className": "LMG",
    "dataQuality": 100,
    "mpTtkMs": 369,
    "rank": 10,
    "redsecTtkMs": 720,
    "roleFit": 60,
    "score": 81,
    "tier": "S",
    "weapon": "RPK-74M",
  },
  {
    "categoryRank": {
      "position": 4,
      "total": 10,
    },
    "categoryTier": "A",
    "className": "LMG",
    "dataQuality": 100,
    "mpTtkMs": 369,
    "rank": 11,
    "redsecTtkMs": 967,
    "roleFit": 60,
    "score": 80,
    "tier": "S",
    "weapon": "KTS100 MK8",
  },
  {
    "categoryRank": {
      "position": 5,
      "total": 10,
    },
    "categoryTier": "B",
    "className": "LMG",
    "dataQuality": 100,
    "mpTtkMs": 293,
    "rank": 12,
    "redsecTtkMs": 668,
    "roleFit": 60,
    "score": 80,
    "tier": "S",
    "weapon": "M250",
  },
  {
    "categoryRank": {
      "position": 1,
      "total": 5,
    },
    "categoryTier": "S",
    "className": "Sniper",
    "dataQuality": 100,
    "mpTtkMs": 1420,
    "rank": 13,
    "redsecTtkMs": 2834,
    "roleFit": 46,
    "score": 79,
    "tier": "A",
    "weapon": "M2010 ESR",
  },
  {
    "categoryRank": {
      "position": 4,
      "total": 9,
    },
    "categoryTier": "A",
    "className": "SMG",
    "dataQuality": 100,
    "mpTtkMs": 280,
    "rank": 14,
    "redsecTtkMs": 656,
    "roleFit": 90,
    "score": 78,
    "tier": "A",
    "weapon": "KV9",
  },
  {
    "categoryRank": {
      "position": 3,
      "total": 8,
    },
    "categoryTier": "A",
    "className": "Carbine",
    "dataQuality": 100,
    "mpTtkMs": 306,
    "rank": 15,
    "redsecTtkMs": 736,
    "roleFit": 95,
    "score": 77,
    "tier": "A",
    "weapon": "M4A1",
  },
  {
    "categoryRank": {
      "position": 5,
      "total": 9,
    },
    "categoryTier": "B",
    "className": "SMG",
    "dataQuality": 100,
    "mpTtkMs": 272,
    "rank": 16,
    "redsecTtkMs": 682,
    "roleFit": 90,
    "score": 77,
    "tier": "A",
    "weapon": "SCW-10",
  },
  {
    "categoryRank": {
      "position": 6,
      "total": 9,
    },
    "categoryTier": "B",
    "className": "SMG",
    "dataQuality": 100,
    "mpTtkMs": 350,
    "rank": 17,
    "redsecTtkMs": 819,
    "roleFit": 90,
    "score": 77,
    "tier": "A",
    "weapon": "PW7A2",
  },
  {
    "categoryRank": {
      "position": 7,
      "total": 9,
    },
    "categoryTier": "C",
    "className": "SMG",
    "dataQuality": 100,
    "mpTtkMs": 300,
    "rank": 18,
    "redsecTtkMs": 709,
    "roleFit": 90,
    "score": 77,
    "tier": "A",
    "weapon": "CZ3A1",
  },
  {
    "categoryRank": {
      "position": 4,
      "total": 8,
    },
    "categoryTier": "A",
    "className": "Carbine",
    "dataQuality": 100,
    "mpTtkMs": 342,
    "rank": 19,
    "redsecTtkMs": 833,
    "roleFit": 95,
    "score": 76,
    "tier": "A",
    "weapon": "QBZ-192",
  },
  {
    "categoryRank": {
      "position": 5,
      "total": 8,
    },
    "categoryTier": "B",
    "className": "Carbine",
    "dataQuality": 100,
    "mpTtkMs": 336,
    "rank": 20,
    "redsecTtkMs": 862,
    "roleFit": 95,
    "score": 76,
    "tier": "A",
    "weapon": "SOR-300C",
  },
  {
    "categoryRank": {
      "position": 6,
      "total": 8,
    },
    "categoryTier": "C",
    "className": "Carbine",
    "dataQuality": 100,
    "mpTtkMs": 309,
    "rank": 21,
    "redsecTtkMs": 792,
    "roleFit": 95,
    "score": 76,
    "tier": "A",
    "weapon": "M417 A2",
  },
  {
    "categoryRank": {
      "position": 8,
      "total": 9,
    },
    "categoryTier": "D",
    "className": "SMG",
    "dataQuality": 100,
    "mpTtkMs": 419,
    "rank": 22,
    "redsecTtkMs": 1017,
    "roleFit": 90,
    "score": 76,
    "tier": "A",
    "weapon": "UMG-40",
  },
  {
    "categoryRank": {
      "position": 9,
      "total": 9,
    },
    "categoryTier": "D",
    "className": "SMG",
    "dataQuality": 100,
    "mpTtkMs": 395,
    "rank": 23,
    "redsecTtkMs": 958,
    "roleFit": 90,
    "score": 76,
    "tier": "A",
    "weapon": "SL9",
  },
  {
    "categoryRank": {
      "position": 3,
      "total": 10,
    },
    "categoryTier": "A",
    "className": "Assault Rifle",
    "dataQuality": 100,
    "mpTtkMs": 247,
    "rank": 24,
    "redsecTtkMs": 631,
    "roleFit": 76,
    "score": 76,
    "tier": "A",
    "weapon": "M433",
  },
  {
    "categoryRank": {
      "position": 4,
      "total": 10,
    },
    "categoryTier": "A",
    "className": "Assault Rifle",
    "dataQuality": 100,
    "mpTtkMs": 308,
    "rank": 25,
    "redsecTtkMs": 799,
    "roleFit": 76,
    "score": 75,
    "tier": "A",
    "weapon": "L85A3",
  },
  {
    "categoryRank": {
      "position": 5,
      "total": 10,
    },
    "categoryTier": "B",
    "className": "Assault Rifle",
    "dataQuality": 100,
    "mpTtkMs": 276,
    "rank": 26,
    "redsecTtkMs": 712,
    "roleFit": 76,
    "score": 75,
    "tier": "A",
    "weapon": "B36A4",
  },
  {
    "categoryRank": {
      "position": 6,
      "total": 10,
    },
    "categoryTier": "B",
    "className": "Assault Rifle",
    "dataQuality": 100,
    "mpTtkMs": 305,
    "rank": 27,
    "redsecTtkMs": 786,
    "roleFit": 76,
    "score": 75,
    "tier": "A",
    "weapon": "NVO-228E",
  },
  {
    "categoryRank": {
      "position": 7,
      "total": 10,
    },
    "categoryTier": "C",
    "className": "Assault Rifle",
    "dataQuality": 100,
    "mpTtkMs": 261,
    "rank": 28,
    "redsecTtkMs": 866,
    "roleFit": 76,
    "score": 75,
    "tier": "A",
    "weapon": "AK4D",
  },
  {
    "categoryRank": {
      "position": 8,
      "total": 10,
    },
    "categoryTier": "C",
    "className": "Assault Rifle",
    "dataQuality": 100,
    "mpTtkMs": 342,
    "rank": 29,
    "redsecTtkMs": 889,
    "roleFit": 76,
    "score": 74,
    "tier": "A",
    "weapon": "SOR-556 Mk2",
  },
  {
    "categoryRank": {
      "position": 6,
      "total": 10,
    },
    "categoryTier": "B",
    "className": "LMG",
    "dataQuality": 100,
    "mpTtkMs": 225,
    "rank": 30,
    "redsecTtkMs": 715,
    "roleFit": 60,
    "score": 73,
    "tier": "A",
    "weapon": "M121 A2",
  },
  {
    "categoryRank": {
      "position": 7,
      "total": 10,
    },
    "categoryTier": "C",
    "className": "LMG",
    "dataQuality": 100,
    "mpTtkMs": 349,
    "rank": 31,
    "redsecTtkMs": 910,
    "roleFit": 60,
    "score": 72,
    "tier": "A",
    "weapon": "RPKM",
  },
  {
    "categoryRank": {
      "position": 8,
      "total": 10,
    },
    "categoryTier": "C",
    "className": "LMG",
    "dataQuality": 100,
    "mpTtkMs": 261,
    "rank": 32,
    "redsecTtkMs": 866,
    "roleFit": 60,
    "score": 72,
    "tier": "A",
    "weapon": "M/60",
  },
  {
    "categoryRank": {
      "position": 1,
      "total": 6,
    },
    "categoryTier": "S",
    "className": "Pistol",
    "dataQuality": 100,
    "mpTtkMs": 501,
    "rank": 33,
    "redsecTtkMs": 1061,
    "roleFit": 28,
    "score": 72,
    "tier": "A",
    "weapon": "VZ. 61",
  },
  {
    "categoryRank": {
      "position": 1,
      "total": 5,
    },
    "categoryTier": "S",
    "className": "DMR",
    "dataQuality": 100,
    "mpTtkMs": 492,
    "rank": 34,
    "redsecTtkMs": 978,
    "roleFit": 66,
    "score": 71,
    "tier": "B",
    "weapon": "M39 EMR",
  },
  {
    "categoryRank": {
      "position": 2,
      "total": 5,
    },
    "categoryTier": "A",
    "className": "Sniper",
    "dataQuality": 100,
    "mpTtkMs": 1201,
    "rank": 35,
    "redsecTtkMs": 2397,
    "roleFit": 46,
    "score": 71,
    "tier": "B",
    "weapon": "MINI SCOUT",
  },
  {
    "categoryRank": {
      "position": 3,
      "total": 5,
    },
    "categoryTier": "B",
    "className": "Sniper",
    "dataQuality": 100,
    "mpTtkMs": 1607,
    "rank": 36,
    "redsecTtkMs": 3207,
    "roleFit": 46,
    "score": 71,
    "tier": "B",
    "weapon": "SV-98",
  },
  {
    "categoryRank": {
      "position": 4,
      "total": 5,
    },
    "categoryTier": "C",
    "className": "Sniper",
    "dataQuality": 100,
    "mpTtkMs": 1333,
    "rank": 37,
    "redsecTtkMs": 2658,
    "roleFit": 46,
    "score": 71,
    "tier": "B",
    "weapon": "L115",
  },
  {
    "categoryRank": {
      "position": 5,
      "total": 5,
    },
    "categoryTier": "D",
    "className": "Sniper",
    "dataQuality": 100,
    "mpTtkMs": 1607,
    "rank": 38,
    "redsecTtkMs": 3207,
    "roleFit": 46,
    "score": 70,
    "tier": "B",
    "weapon": "PSR",
  },
  {
    "categoryRank": {
      "position": 7,
      "total": 8,
    },
    "categoryTier": "D",
    "className": "Carbine",
    "dataQuality": 100,
    "mpTtkMs": 282,
    "rank": 39,
    "redsecTtkMs": 639,
    "roleFit": 95,
    "score": 69,
    "tier": "B",
    "weapon": "M277",
  },
  {
    "categoryRank": {
      "position": 1,
      "total": 4,
    },
    "categoryTier": "S",
    "className": "Shotgun",
    "dataQuality": 100,
    "mpTtkMs": 688,
    "rank": 40,
    "redsecTtkMs": 2641,
    "roleFit": 78,
    "score": 69,
    "tier": "B",
    "weapon": "M87A1",
  },
  {
    "categoryRank": {
      "position": 1,
      "total": 1,
    },
    "categoryTier": "S",
    "className": "Revolver",
    "dataQuality": 100,
    "mpTtkMs": 414,
    "rank": 41,
    "redsecTtkMs": 1920,
    "roleFit": 28,
    "score": 69,
    "tier": "B",
    "weapon": "M44",
  },
  {
    "categoryRank": {
      "position": 2,
      "total": 6,
    },
    "categoryTier": "S",
    "className": "Pistol",
    "dataQuality": 100,
    "mpTtkMs": 657,
    "rank": 42,
    "redsecTtkMs": 1600,
    "roleFit": 28,
    "score": 69,
    "tier": "B",
    "weapon": "P18",
  },
  {
    "categoryRank": {
      "position": 9,
      "total": 10,
    },
    "categoryTier": "D",
    "className": "LMG",
    "dataQuality": 100,
    "mpTtkMs": 254,
    "rank": 43,
    "redsecTtkMs": 644,
    "roleFit": 60,
    "score": 65,
    "tier": "B",
    "weapon": "M123K",
  },
  {
    "categoryRank": {
      "position": 10,
      "total": 10,
    },
    "categoryTier": "D",
    "className": "LMG",
    "dataQuality": 100,
    "mpTtkMs": 232,
    "rank": 44,
    "redsecTtkMs": 756,
    "roleFit": 60,
    "score": 65,
    "tier": "B",
    "weapon": "M240L",
  },
  {
    "categoryRank": {
      "position": 2,
      "total": 4,
    },
    "categoryTier": "A",
    "className": "Shotgun",
    "dataQuality": 100,
    "mpTtkMs": 450,
    "rank": 45,
    "redsecTtkMs": 1488,
    "roleFit": 78,
    "score": 64,
    "tier": "B",
    "weapon": "18.5KS-K",
  },
  {
    "categoryRank": {
      "position": 2,
      "total": 5,
    },
    "categoryTier": "A",
    "className": "DMR",
    "dataQuality": 100,
    "mpTtkMs": 431,
    "rank": 46,
    "redsecTtkMs": 855,
    "roleFit": 66,
    "score": 64,
    "tier": "B",
    "weapon": "SVDM",
  },
  {
    "categoryRank": {
      "position": 3,
      "total": 5,
    },
    "categoryTier": "B",
    "className": "DMR",
    "dataQuality": 100,
    "mpTtkMs": 520,
    "rank": 47,
    "redsecTtkMs": 1035,
    "roleFit": 66,
    "score": 64,
    "tier": "B",
    "weapon": "GRT-CPS",
  },
  {
    "categoryRank": {
      "position": 4,
      "total": 5,
    },
    "categoryTier": "C",
    "className": "DMR",
    "dataQuality": 100,
    "mpTtkMs": 422,
    "rank": 48,
    "redsecTtkMs": 1239,
    "roleFit": 66,
    "score": 62,
    "tier": "B",
    "weapon": "SVK-8.6",
  },
  {
    "categoryRank": {
      "position": 3,
      "total": 6,
    },
    "categoryTier": "A",
    "className": "Pistol",
    "dataQuality": 100,
    "mpTtkMs": 582,
    "rank": 49,
    "redsecTtkMs": 1685,
    "roleFit": 28,
    "score": 61,
    "tier": "C",
    "weapon": "M357 TRAIT",
  },
  {
    "categoryRank": {
      "position": 9,
      "total": 10,
    },
    "categoryTier": "D",
    "className": "Assault Rifle",
    "dataQuality": 100,
    "mpTtkMs": 198,
    "rank": 50,
    "redsecTtkMs": 637,
    "roleFit": 76,
    "score": 60,
    "tier": "C",
    "weapon": "TR-7",
  },
  {
    "categoryRank": {
      "position": 4,
      "total": 6,
    },
    "categoryTier": "B",
    "className": "Pistol",
    "dataQuality": 100,
    "mpTtkMs": 717,
    "rank": 51,
    "redsecTtkMs": 1754,
    "roleFit": 28,
    "score": 60,
    "tier": "C",
    "weapon": "GGH-22",
  },
  {
    "categoryRank": {
      "position": 3,
      "total": 4,
    },
    "categoryTier": "B",
    "className": "Shotgun",
    "dataQuality": 100,
    "mpTtkMs": 650,
    "rank": 52,
    "redsecTtkMs": 1588,
    "roleFit": 78,
    "score": 54,
    "tier": "C",
    "weapon": "M1014",
  },
  {
    "categoryRank": {
      "position": 4,
      "total": 4,
    },
    "categoryTier": "D",
    "className": "Shotgun",
    "dataQuality": 100,
    "mpTtkMs": 850,
    "rank": 53,
    "redsecTtkMs": 2888,
    "roleFit": 78,
    "score": 54,
    "tier": "C",
    "weapon": "DB-12",
  },
  {
    "categoryRank": {
      "position": 5,
      "total": 6,
    },
    "categoryTier": "D",
    "className": "Pistol",
    "dataQuality": 100,
    "mpTtkMs": 610,
    "rank": 54,
    "redsecTtkMs": 1572,
    "roleFit": 28,
    "score": 53,
    "tier": "C",
    "weapon": "M45A1",
  },
  {
    "categoryRank": {
      "position": 6,
      "total": 6,
    },
    "categoryTier": "D",
    "className": "Pistol",
    "dataQuality": 100,
    "mpTtkMs": 697,
    "rank": 55,
    "redsecTtkMs": 1521,
    "roleFit": 28,
    "score": 53,
    "tier": "C",
    "weapon": "ES 5.7",
  },
  {
    "categoryRank": {
      "position": 8,
      "total": 8,
    },
    "categoryTier": "D",
    "className": "Carbine",
    "dataQuality": 100,
    "mpTtkMs": 323,
    "rank": 56,
    "redsecTtkMs": 781,
    "roleFit": 95,
    "score": 51,
    "tier": "C",
    "weapon": "GRT-BC",
  },
  {
    "categoryRank": {
      "position": 10,
      "total": 10,
    },
    "categoryTier": "D",
    "className": "Assault Rifle",
    "dataQuality": 100,
    "mpTtkMs": 256,
    "rank": 57,
    "redsecTtkMs": 661,
    "roleFit": 76,
    "score": 50,
    "tier": "C",
    "weapon": "M16A4",
  },
  {
    "categoryRank": {
      "position": 5,
      "total": 5,
    },
    "categoryTier": "D",
    "className": "DMR",
    "dataQuality": 100,
    "mpTtkMs": 423,
    "rank": 58,
    "redsecTtkMs": 840,
    "roleFit": 66,
    "score": 47,
    "tier": "D",
    "weapon": "LMR 27",
  },
]
`;

exports[`metaEngine ranking snapshots > keeps the complete recon ranking stable 1`] = `
[
  {
    "categoryRank": {
      "position": 1,
      "total": 5,
    },
    "categoryTier": "S",
    "className": "Sniper",
    "dataQuality": 100,
    "mpTtkMs": 1420,
    "rank": 1,
    "redsecTtkMs": 2834,
    "roleFit": 98,
    "score": 85,
    "tier": "S",
    "weapon": "M2010 ESR",
  },
  {
    "categoryRank": {
      "position": 1,
      "total": 8,
    },
    "categoryTier": "S",
    "className": "Carbine",
    "dataQuality": 100,
    "mpTtkMs": 444,
    "rank": 2,
    "redsecTtkMs": 964,
    "roleFit": 55,
    "score": 82,
    "tier": "S",
    "weapon": "AK-205",
  },
  {
    "categoryRank": {
      "position": 1,
      "total": 10,
    },
    "categoryTier": "S",
    "className": "Assault Rifle",
    "dataQuality": 100,
    "mpTtkMs": 293,
    "rank": 3,
    "redsecTtkMs": 713,
    "roleFit": 45,
    "score": 82,
    "tier": "S",
    "weapon": "KORD 6P67",
  },
  {
    "categoryRank": {
      "position": 2,
      "total": 10,
    },
    "categoryTier": "S",
    "className": "Assault Rifle",
    "dataQuality": 100,
    "mpTtkMs": 236,
    "rank": 4,
    "redsecTtkMs": 596,
    "roleFit": 45,
    "score": 82,
    "tier": "S",
    "weapon": "VCR-2",
  },
  {
    "categoryRank": {
      "position": 1,
      "total": 10,
    },
    "categoryTier": "S",
    "className": "LMG",
    "dataQuality": 100,
    "mpTtkMs": 261,
    "rank": 5,
    "redsecTtkMs": 671,
    "roleFit": 44,
    "score": 82,
    "tier": "S",
    "weapon": "DRS-IAR",
  },
  {
    "categoryRank": {
      "position": 2,
      "total": 10,
    },
    "categoryTier": "S",
    "className": "LMG",
    "dataQuality": 100,
    "mpTtkMs": 276,
    "rank": 6,
    "redsecTtkMs": 712,
    "roleFit": 44,
    "score": 82,
    "tier": "S",
    "weapon": "L110",
  },
  {
    "categoryRank": {
      "position": 3,
      "total": 10,
    },
    "categoryTier": "A",
    "className": "LMG",
    "dataQuality": 100,
    "mpTtkMs": 369,
    "rank": 7,
    "redsecTtkMs": 967,
    "roleFit": 44,
    "score": 82,
    "tier": "S",
    "weapon": "KTS100 MK8",
  },
  {
    "categoryRank": {
      "position": 4,
      "total": 10,
    },
    "categoryTier": "A",
    "className": "LMG",
    "dataQuality": 100,
    "mpTtkMs": 293,
    "rank": 8,
    "redsecTtkMs": 668,
    "roleFit": 44,
    "score": 82,
    "tier": "S",
    "weapon": "M250",
  },
  {
    "categoryRank": {
      "position": 2,
      "total": 8,
    },
    "categoryTier": "S",
    "className": "Carbine",
    "dataQuality": 100,
    "mpTtkMs": 289,
    "rank": 9,
    "redsecTtkMs": 734,
    "roleFit": 55,
    "score": 81,
    "tier": "S",
    "weapon": "SG-553R",
  },
  {
    "categoryRank": {
      "position": 5,
      "total": 10,
    },
    "categoryTier": "B",
    "className": "LMG",
    "dataQuality": 100,
    "mpTtkMs": 369,
    "rank": 10,
    "redsecTtkMs": 720,
    "roleFit": 44,
    "score": 81,
    "tier": "S",
    "weapon": "RPK-74M",
  },
  {
    "categoryRank": {
      "position": 1,
      "total": 9,
    },
    "categoryTier": "S",
    "className": "SMG",
    "dataQuality": 100,
    "mpTtkMs": 339,
    "rank": 11,
    "redsecTtkMs": 810,
    "roleFit": 34,
    "score": 80,
    "tier": "S",
    "weapon": "SGX",
  },
  {
    "categoryRank": {
      "position": 2,
      "total": 9,
    },
    "categoryTier": "S",
    "className": "SMG",
    "dataQuality": 100,
    "mpTtkMs": 358,
    "rank": 12,
    "redsecTtkMs": 859,
    "roleFit": 34,
    "score": 80,
    "tier": "S",
    "weapon": "PW5A3",
  },
  {
    "categoryRank": {
      "position": 3,
      "total": 9,
    },
    "categoryTier": "A",
    "className": "SMG",
    "dataQuality": 100,
    "mpTtkMs": 368,
    "rank": 13,
    "redsecTtkMs": 795,
    "roleFit": 34,
    "score": 80,
    "tier": "S",
    "weapon": "USG-90",
  },
  {
    "categoryRank": {
      "position": 2,
      "total": 5,
    },
    "categoryTier": "A",
    "className": "Sniper",
    "dataQuality": 100,
    "mpTtkMs": 1201,
    "rank": 14,
    "redsecTtkMs": 2397,
    "roleFit": 98,
    "score": 77,
    "tier": "A",
    "weapon": "MINI SCOUT",
  },
  {
    "categoryRank": {
      "position": 3,
      "total": 5,
    },
    "categoryTier": "B",
    "className": "Sniper",
    "dataQuality": 100,
    "mpTtkMs": 1607,
    "rank": 15,
    "redsecTtkMs": 3207,
    "roleFit": 98,
    "score": 77,
    "tier": "A",
    "weapon": "PSR",
  },
  {
    "categoryRank": {
      "position": 4,
      "total": 5,
    },
    "categoryTier": "C",
    "className": "Sniper",
    "dataQuality": 100,
    "mpTtkMs": 1607,
    "rank": 16,
    "redsecTtkMs": 3207,
    "roleFit": 98,
    "score": 77,
    "tier": "A",
    "weapon": "SV-98",
  },
  {
    "categoryRank": {
      "position": 1,
      "total": 5,
    },
    "categoryTier": "S",
    "className": "DMR",
    "dataQuality": 100,
    "mpTtkMs": 492,
    "rank": 17,
    "redsecTtkMs": 978,
    "roleFit": 100,
    "score": 76,
    "tier": "A",
    "weapon": "M39 EMR",
  },
  {
    "categoryRank": {
      "position": 5,
      "total": 5,
    },
    "categoryTier": "D",
    "className": "Sniper",
    "dataQuality": 100,
    "mpTtkMs": 1333,
    "rank": 18,
    "redsecTtkMs": 2658,
    "roleFit": 98,
    "score": 76,
    "tier": "A",
    "weapon": "L115",
  },
  {
    "categoryRank": {
      "position": 3,
      "total": 8,
    },
    "categoryTier": "A",
    "className": "Carbine",
    "dataQuality": 100,
    "mpTtkMs": 306,
    "rank": 19,
    "redsecTtkMs": 736,
    "roleFit": 55,
    "score": 74,
    "tier": "A",
    "weapon": "M4A1",
  },
  {
    "categoryRank": {
      "position": 4,
      "total": 8,
    },
    "categoryTier": "A",
    "className": "Carbine",
    "dataQuality": 100,
    "mpTtkMs": 342,
    "rank": 20,
    "redsecTtkMs": 833,
    "roleFit": 55,
    "score": 74,
    "tier": "A",
    "weapon": "QBZ-192",
  },
  {
    "categoryRank": {
      "position": 3,
      "total": 10,
    },
    "categoryTier": "A",
    "className": "Assault Rifle",
    "dataQuality": 100,
    "mpTtkMs": 247,
    "rank": 21,
    "redsecTtkMs": 631,
    "roleFit": 45,
    "score": 74,
    "tier": "A",
    "weapon": "M433",
  },
  {
    "categoryRank": {
      "position": 4,
      "total": 10,
    },
    "categoryTier": "A",
    "className": "Assault Rifle",
    "dataQuality": 100,
    "mpTtkMs": 276,
    "rank": 22,
    "redsecTtkMs": 712,
    "roleFit": 45,
    "score": 74,
    "tier": "A",
    "weapon": "B36A4",
  },
  {
    "categoryRank": {
      "position": 5,
      "total": 8,
    },
    "categoryTier": "B",
    "className": "Carbine",
    "dataQuality": 100,
    "mpTtkMs": 336,
    "rank": 23,
    "redsecTtkMs": 862,
    "roleFit": 55,
    "score": 73,
    "tier": "A",
    "weapon": "SOR-300C",
  },
  {
    "categoryRank": {
      "position": 6,
      "total": 8,
    },
    "categoryTier": "C",
    "className": "Carbine",
    "dataQuality": 100,
    "mpTtkMs": 309,
    "rank": 24,
    "redsecTtkMs": 792,
    "roleFit": 55,
    "score": 73,
    "tier": "A",
    "weapon": "M417 A2",
  },
  {
    "categoryRank": {
      "position": 5,
      "total": 10,
    },
    "categoryTier": "B",
    "className": "Assault Rifle",
    "dataQuality": 100,
    "mpTtkMs": 342,
    "rank": 25,
    "redsecTtkMs": 889,
    "roleFit": 45,
    "score": 73,
    "tier": "A",
    "weapon": "SOR-556 Mk2",
  },
  {
    "categoryRank": {
      "position": 6,
      "total": 10,
    },
    "categoryTier": "B",
    "className": "Assault Rifle",
    "dataQuality": 100,
    "mpTtkMs": 308,
    "rank": 26,
    "redsecTtkMs": 799,
    "roleFit": 45,
    "score": 73,
    "tier": "A",
    "weapon": "L85A3",
  },
  {
    "categoryRank": {
      "position": 7,
      "total": 10,
    },
    "categoryTier": "C",
    "className": "Assault Rifle",
    "dataQuality": 100,
    "mpTtkMs": 305,
    "rank": 27,
    "redsecTtkMs": 786,
    "roleFit": 45,
    "score": 73,
    "tier": "A",
    "weapon": "NVO-228E",
  },
  {
    "categoryRank": {
      "position": 8,
      "total": 10,
    },
    "categoryTier": "C",
    "className": "Assault Rifle",
    "dataQuality": 100,
    "mpTtkMs": 261,
    "rank": 28,
    "redsecTtkMs": 866,
    "roleFit": 45,
    "score": 73,
    "tier": "A",
    "weapon": "AK4D",
  },
  {
    "categoryRank": {
      "position": 6,
      "total": 10,
    },
    "categoryTier": "B",
    "className": "LMG",
    "dataQuality": 100,
    "mpTtkMs": 349,
    "rank": 29,
    "redsecTtkMs": 910,
    "roleFit": 44,
    "score": 73,
    "tier": "A",
    "weapon": "RPKM",
  },
  {
    "categoryRank": {
      "position": 7,
      "total": 10,
    },
    "categoryTier": "C",
    "className": "LMG",
    "dataQuality": 100,
    "mpTtkMs": 261,
    "rank": 30,
    "redsecTtkMs": 866,
    "roleFit": 44,
    "score": 73,
    "tier": "A",
    "weapon": "M/60",
  },
  {
    "categoryRank": {
      "position": 8,
      "total": 10,
    },
    "categoryTier": "C",
    "className": "LMG",
    "dataQuality": 100,
    "mpTtkMs": 225,
    "rank": 31,
    "redsecTtkMs": 715,
    "roleFit": 44,
    "score": 73,
    "tier": "A",
    "weapon": "M121 A2",
  },
  {
    "categoryRank": {
      "position": 4,
      "total": 9,
    },
    "categoryTier": "A",
    "className": "SMG",
    "dataQuality": 100,
    "mpTtkMs": 350,
    "rank": 32,
    "redsecTtkMs": 819,
    "roleFit": 34,
    "score": 73,
    "tier": "A",
    "weapon": "PW7A2",
  },
  {
    "categoryRank": {
      "position": 5,
      "total": 9,
    },
    "categoryTier": "B",
    "className": "SMG",
    "dataQuality": 100,
    "mpTtkMs": 272,
    "rank": 33,
    "redsecTtkMs": 682,
    "roleFit": 34,
    "score": 72,
    "tier": "A",
    "weapon": "SCW-10",
  },
  {
    "categoryRank": {
      "position": 6,
      "total": 9,
    },
    "categoryTier": "B",
    "className": "SMG",
    "dataQuality": 100,
    "mpTtkMs": 280,
    "rank": 34,
    "redsecTtkMs": 656,
    "roleFit": 34,
    "score": 72,
    "tier": "A",
    "weapon": "KV9",
  },
  {
    "categoryRank": {
      "position": 7,
      "total": 9,
    },
    "categoryTier": "C",
    "className": "SMG",
    "dataQuality": 100,
    "mpTtkMs": 300,
    "rank": 35,
    "redsecTtkMs": 709,
    "roleFit": 34,
    "score": 72,
    "tier": "A",
    "weapon": "CZ3A1",
  },
  {
    "categoryRank": {
      "position": 8,
      "total": 9,
    },
    "categoryTier": "D",
    "className": "SMG",
    "dataQuality": 100,
    "mpTtkMs": 395,
    "rank": 36,
    "redsecTtkMs": 958,
    "roleFit": 34,
    "score": 72,
    "tier": "A",
    "weapon": "SL9",
  },
  {
    "categoryRank": {
      "position": 9,
      "total": 9,
    },
    "categoryTier": "D",
    "className": "SMG",
    "dataQuality": 100,
    "mpTtkMs": 419,
    "rank": 37,
    "redsecTtkMs": 1017,
    "roleFit": 34,
    "score": 71,
    "tier": "B",
    "weapon": "UMG-40",
  },
  {
    "categoryRank": {
      "position": 1,
      "total": 6,
    },
    "categoryTier": "S",
    "className": "Pistol",
    "dataQuality": 100,
    "mpTtkMs": 501,
    "rank": 38,
    "redsecTtkMs": 1061,
    "roleFit": 34,
    "score": 71,
    "tier": "B",
    "weapon": "VZ. 61",
  },
  {
    "categoryRank": {
      "position": 2,
      "total": 5,
    },
    "categoryTier": "A",
    "className": "DMR",
    "dataQuality": 100,
    "mpTtkMs": 431,
    "rank": 39,
    "redsecTtkMs": 855,
    "roleFit": 100,
    "score": 68,
    "tier": "B",
    "weapon": "SVDM",
  },
  {
    "categoryRank": {
      "position": 3,
      "total": 5,
    },
    "categoryTier": "B",
    "className": "DMR",
    "dataQuality": 100,
    "mpTtkMs": 520,
    "rank": 40,
    "redsecTtkMs": 1035,
    "roleFit": 100,
    "score": 68,
    "tier": "B",
    "weapon": "GRT-CPS",
  },
  {
    "categoryRank": {
      "position": 2,
      "total": 6,
    },
    "categoryTier": "S",
    "className": "Pistol",
    "dataQuality": 100,
    "mpTtkMs": 657,
    "rank": 41,
    "redsecTtkMs": 1600,
    "roleFit": 34,
    "score": 68,
    "tier": "B",
    "weapon": "P18",
  },
  {
    "categoryRank": {
      "position": 4,
      "total": 5,
    },
    "categoryTier": "C",
    "className": "DMR",
    "dataQuality": 100,
    "mpTtkMs": 422,
    "rank": 42,
    "redsecTtkMs": 1239,
    "roleFit": 100,
    "score": 67,
    "tier": "B",
    "weapon": "SVK-8.6",
  },
  {
    "categoryRank": {
      "position": 1,
      "total": 4,
    },
    "categoryTier": "S",
    "className": "Shotgun",
    "dataQuality": 100,
    "mpTtkMs": 688,
    "rank": 43,
    "redsecTtkMs": 2641,
    "roleFit": 46,
    "score": 67,
    "tier": "B",
    "weapon": "M87A1",
  },
  {
    "categoryRank": {
      "position": 1,
      "total": 1,
    },
    "categoryTier": "S",
    "className": "Revolver",
    "dataQuality": 100,
    "mpTtkMs": 414,
    "rank": 44,
    "redsecTtkMs": 1920,
    "roleFit": 34,
    "score": 67,
    "tier": "B",
    "weapon": "M44",
  },
  {
    "categoryRank": {
      "position": 7,
      "total": 8,
    },
    "categoryTier": "D",
    "className": "Carbine",
    "dataQuality": 100,
    "mpTtkMs": 282,
    "rank": 45,
    "redsecTtkMs": 639,
    "roleFit": 55,
    "score": 66,
    "tier": "B",
    "weapon": "M277",
  },
  {
    "categoryRank": {
      "position": 9,
      "total": 10,
    },
    "categoryTier": "D",
    "className": "LMG",
    "dataQuality": 100,
    "mpTtkMs": 254,
    "rank": 46,
    "redsecTtkMs": 644,
    "roleFit": 44,
    "score": 66,
    "tier": "B",
    "weapon": "M123K",
  },
  {
    "categoryRank": {
      "position": 10,
      "total": 10,
    },
    "categoryTier": "D",
    "className": "LMG",
    "dataQuality": 100,
    "mpTtkMs": 232,
    "rank": 47,
    "redsecTtkMs": 756,
    "roleFit": 44,
    "score": 65,
    "tier": "B",
    "weapon": "M240L",
  },
  {
    "categoryRank": {
      "position": 2,
      "total": 4,
    },
    "categoryTier": "A",
    "className": "Shotgun",
    "dataQuality": 100,
    "mpTtkMs": 450,
    "rank": 48,
    "redsecTtkMs": 1488,
    "roleFit": 46,
    "score": 60,
    "tier": "C",
    "weapon": "18.5KS-K",
  },
  {
    "categoryRank": {
      "position": 3,
      "total": 6,
    },
    "categoryTier": "A",
    "className": "Pistol",
    "dataQuality": 100,
    "mpTtkMs": 717,
    "rank": 49,
    "redsecTtkMs": 1754,
    "roleFit": 34,
    "score": 60,
    "tier": "C",
    "weapon": "GGH-22",
  },
  {
    "categoryRank": {
      "position": 4,
      "total": 6,
    },
    "categoryTier": "B",
    "className": "Pistol",
    "dataQuality": 100,
    "mpTtkMs": 582,
    "rank": 50,
    "redsecTtkMs": 1685,
    "roleFit": 34,
    "score": 59,
    "tier": "C",
    "weapon": "M357 TRAIT",
  },
  {
    "categoryRank": {
      "position": 9,
      "total": 10,
    },
    "categoryTier": "D",
    "className": "Assault Rifle",
    "dataQuality": 100,
    "mpTtkMs": 198,
    "rank": 51,
    "redsecTtkMs": 637,
    "roleFit": 45,
    "score": 57,
    "tier": "C",
    "weapon": "TR-7",
  },
  {
    "categoryRank": {
      "position": 5,
      "total": 6,
    },
    "categoryTier": "D",
    "className": "Pistol",
    "dataQuality": 100,
    "mpTtkMs": 697,
    "rank": 52,
    "redsecTtkMs": 1521,
    "roleFit": 34,
    "score": 52,
    "tier": "C",
    "weapon": "ES 5.7",
  },
  {
    "categoryRank": {
      "position": 5,
      "total": 5,
    },
    "categoryTier": "D",
    "className": "DMR",
    "dataQuality": 100,
    "mpTtkMs": 423,
    "rank": 53,
    "redsecTtkMs": 840,
    "roleFit": 100,
    "score": 51,
    "tier": "C",
    "weapon": "LMR 27",
  },
  {
    "categoryRank": {
      "position": 3,
      "total": 4,
    },
    "categoryTier": "B",
    "className": "Shotgun",
    "dataQuality": 100,
    "mpTtkMs": 650,
    "rank": 54,
    "redsecTtkMs": 1588,
    "roleFit": 46,
    "score": 51,
    "tier": "C",
    "weapon": "M1014",
  },
  {
    "categoryRank": {
      "position": 4,
      "total": 4,
    },
    "categoryTier": "D",
    "className": "Shotgun",
    "dataQuality": 100,
    "mpTtkMs": 850,
    "rank": 55,
    "redsecTtkMs": 2888,
    "roleFit": 46,
    "score": 51,
    "tier": "C",
    "weapon": "DB-12",
  },
  {
    "categoryRank": {
      "position": 6,
      "total": 6,
    },
    "categoryTier": "D",
    "className": "Pistol",
    "dataQuality": 100,
    "mpTtkMs": 610,
    "rank": 56,
    "redsecTtkMs": 1572,
    "roleFit": 34,
    "score": 51,
    "tier": "C",
    "weapon": "M45A1",
  },
  {
    "categoryRank": {
      "position": 8,
      "total": 8,
    },
    "categoryTier": "D",
    "className": "Carbine",
    "dataQuality": 100,
    "mpTtkMs": 323,
    "rank": 57,
    "redsecTtkMs": 781,
    "roleFit": 55,
    "score": 48,
    "tier": "D",
    "weapon": "GRT-BC",
  },
  {
    "categoryRank": {
      "position": 10,
      "total": 10,
    },
    "categoryTier": "D",
    "className": "Assault Rifle",
    "dataQuality": 100,
    "mpTtkMs": 256,
    "rank": 58,
    "redsecTtkMs": 661,
    "roleFit": 45,
    "score": 48,
    "tier": "D",
    "weapon": "M16A4",
  },
]
`;

exports[`metaEngine ranking snapshots > keeps the complete support ranking stable 1`] = `
[
  {
    "categoryRank": {
      "position": 1,
      "total": 10,
    },
    "categoryTier": "S",
    "className": "LMG",
    "dataQuality": 100,
    "mpTtkMs": 276,
    "rank": 1,
    "redsecTtkMs": 712,
    "roleFit": 97,
    "score": 85,
    "tier": "S",
    "weapon": "L110",
  },
  {
    "categoryRank": {
      "position": 1,
      "total": 10,
    },
    "categoryTier": "S",
    "className": "Assault Rifle",
    "dataQuality": 100,
    "mpTtkMs": 293,
    "rank": 2,
    "redsecTtkMs": 713,
    "roleFit": 84,
    "score": 85,
    "tier": "S",
    "weapon": "KORD 6P67",
  },
  {
    "categoryRank": {
      "position": 2,
      "total": 10,
    },
    "categoryTier": "S",
    "className": "Assault Rifle",
    "dataQuality": 100,
    "mpTtkMs": 236,
    "rank": 3,
    "redsecTtkMs": 596,
    "roleFit": 84,
    "score": 85,
    "tier": "S",
    "weapon": "VCR-2",
  },
  {
    "categoryRank": {
      "position": 2,
      "total": 10,
    },
    "categoryTier": "S",
    "className": "LMG",
    "dataQuality": 100,
    "mpTtkMs": 261,
    "rank": 4,
    "redsecTtkMs": 671,
    "roleFit": 97,
    "score": 84,
    "tier": "S",
    "weapon": "DRS-IAR",
  },
  {
    "categoryRank": {
      "position": 3,
      "total": 10,
    },
    "categoryTier": "A",
    "className": "LMG",
    "dataQuality": 100,
    "mpTtkMs": 369,
    "rank": 5,
    "redsecTtkMs": 967,
    "roleFit": 97,
    "score": 84,
    "tier": "S",
    "weapon": "KTS100 MK8",
  },
  {
    "categoryRank": {
      "position": 4,
      "total": 10,
    },
    "categoryTier": "A",
    "className": "LMG",
    "dataQuality": 100,
    "mpTtkMs": 293,
    "rank": 6,
    "redsecTtkMs": 668,
    "roleFit": 97,
    "score": 84,
    "tier": "S",
    "weapon": "M250",
  },
  {
    "categoryRank": {
      "position": 5,
      "total": 10,
    },
    "categoryTier": "B",
    "className": "LMG",
    "dataQuality": 100,
    "mpTtkMs": 369,
    "rank": 7,
    "redsecTtkMs": 720,
    "roleFit": 97,
    "score": 84,
    "tier": "S",
    "weapon": "RPK-74M",
  },
  {
    "categoryRank": {
      "position": 1,
      "total": 9,
    },
    "categoryTier": "S",
    "className": "SMG",
    "dataQuality": 100,
    "mpTtkMs": 368,
    "rank": 8,
    "redsecTtkMs": 795,
    "roleFit": 70,
    "score": 84,
    "tier": "S",
    "weapon": "USG-90",
  },
  {
    "categoryRank": {
      "position": 1,
      "total": 8,
    },
    "categoryTier": "S",
    "className": "Carbine",
    "dataQuality": 100,
    "mpTtkMs": 444,
    "rank": 9,
    "redsecTtkMs": 964,
    "roleFit": 78,
    "score": 83,
    "tier": "S",
    "weapon": "AK-205",
  },
  {
    "categoryRank": {
      "position": 2,
      "total": 8,
    },
    "categoryTier": "S",
    "className": "Carbine",
    "dataQuality": 100,
    "mpTtkMs": 289,
    "rank": 10,
    "redsecTtkMs": 734,
    "roleFit": 78,
    "score": 83,
    "tier": "S",
    "weapon": "SG-553R",
  },
  {
    "categoryRank": {
      "position": 2,
      "total": 9,
    },
    "categoryTier": "S",
    "className": "SMG",
    "dataQuality": 100,
    "mpTtkMs": 339,
    "rank": 11,
    "redsecTtkMs": 810,
    "roleFit": 70,
    "score": 83,
    "tier": "S",
    "weapon": "SGX",
  },
  {
    "categoryRank": {
      "position": 3,
      "total": 9,
    },
    "categoryTier": "A",
    "className": "SMG",
    "dataQuality": 100,
    "mpTtkMs": 358,
    "rank": 12,
    "redsecTtkMs": 859,
    "roleFit": 70,
    "score": 83,
    "tier": "S",
    "weapon": "PW5A3",
  },
  {
    "categoryRank": {
      "position": 1,
      "total": 5,
    },
    "categoryTier": "S",
    "className": "Sniper",
    "dataQuality": 100,
    "mpTtkMs": 1420,
    "rank": 13,
    "redsecTtkMs": 2834,
    "roleFit": 42,
    "score": 78,
    "tier": "A",
    "weapon": "M2010 ESR",
  },
  {
    "categoryRank": {
      "position": 6,
      "total": 10,
    },
    "categoryTier": "B",
    "className": "LMG",
    "dataQuality": 100,
    "mpTtkMs": 261,
    "rank": 14,
    "redsecTtkMs": 866,
    "roleFit": 97,
    "score": 76,
    "tier": "A",
    "weapon": "M/60",
  },
  {
    "categoryRank": {
      "position": 3,
      "total": 10,
    },
    "categoryTier": "A",
    "className": "Assault Rifle",
    "dataQuality": 100,
    "mpTtkMs": 247,
    "rank": 15,
    "redsecTtkMs": 631,
    "roleFit": 84,
    "score": 76,
    "tier": "A",
    "weapon": "M433",
  },
  {
    "categoryRank": {
      "position": 4,
      "total": 10,
    },
    "categoryTier": "A",
    "className": "Assault Rifle",
    "dataQuality": 100,
    "mpTtkMs": 308,
    "rank": 16,
    "redsecTtkMs": 799,
    "roleFit": 84,
    "score": 76,
    "tier": "A",
    "weapon": "L85A3",
  },
  {
    "categoryRank": {
      "position": 5,
      "total": 10,
    },
    "categoryTier": "B",
    "className": "Assault Rifle",
    "dataQuality": 100,
    "mpTtkMs": 276,
    "rank": 17,
    "redsecTtkMs": 712,
    "roleFit": 84,
    "score": 76,
    "tier": "A",
    "weapon": "B36A4",
  },
  {
    "categoryRank": {
      "position": 6,
      "total": 10,
    },
    "categoryTier": "B",
    "className": "Assault Rifle",
    "dataQuality": 100,
    "mpTtkMs": 305,
    "rank": 18,
    "redsecTtkMs": 786,
    "roleFit": 84,
    "score": 76,
    "tier": "A",
    "weapon": "NVO-228E",
  },
  {
    "categoryRank": {
      "position": 3,
      "total": 8,
    },
    "categoryTier": "A",
    "className": "Carbine",
    "dataQuality": 100,
    "mpTtkMs": 306,
    "rank": 19,
    "redsecTtkMs": 736,
    "roleFit": 78,
    "score": 76,
    "tier": "A",
    "weapon": "M4A1",
  },
  {
    "categoryRank": {
      "position": 7,
      "total": 10,
    },
    "categoryTier": "C",
    "className": "LMG",
    "dataQuality": 100,
    "mpTtkMs": 349,
    "rank": 20,
    "redsecTtkMs": 910,
    "roleFit": 97,
    "score": 75,
    "tier": "A",
    "weapon": "RPKM",
  },
  {
    "categoryRank": {
      "position": 8,
      "total": 10,
    },
    "categoryTier": "C",
    "className": "LMG",
    "dataQuality": 100,
    "mpTtkMs": 225,
    "rank": 21,
    "redsecTtkMs": 715,
    "roleFit": 97,
    "score": 75,
    "tier": "A",
    "weapon": "M121 A2",
  },
  {
    "categoryRank": {
      "position": 7,
      "total": 10,
    },
    "categoryTier": "C",
    "className": "Assault Rifle",
    "dataQuality": 100,
    "mpTtkMs": 342,
    "rank": 22,
    "redsecTtkMs": 889,
    "roleFit": 84,
    "score": 75,
    "tier": "A",
    "weapon": "SOR-556 Mk2",
  },
  {
    "categoryRank": {
      "position": 8,
      "total": 10,
    },
    "categoryTier": "C",
    "className": "Assault Rifle",
    "dataQuality": 100,
    "mpTtkMs": 261,
    "rank": 23,
    "redsecTtkMs": 866,
    "roleFit": 84,
    "score": 75,
    "tier": "A",
    "weapon": "AK4D",
  },
  {
    "categoryRank": {
      "position": 4,
      "total": 8,
    },
    "categoryTier": "A",
    "className": "Carbine",
    "dataQuality": 100,
    "mpTtkMs": 342,
    "rank": 24,
    "redsecTtkMs": 833,
    "roleFit": 78,
    "score": 75,
    "tier": "A",
    "weapon": "QBZ-192",
  },
  {
    "categoryRank": {
      "position": 5,
      "total": 8,
    },
    "categoryTier": "B",
    "className": "Carbine",
    "dataQuality": 100,
    "mpTtkMs": 336,
    "rank": 25,
    "redsecTtkMs": 862,
    "roleFit": 78,
    "score": 75,
    "tier": "A",
    "weapon": "SOR-300C",
  },
  {
    "categoryRank": {
      "position": 6,
      "total": 8,
    },
    "categoryTier": "C",
    "className": "Carbine",
    "dataQuality": 100,
    "mpTtkMs": 309,
    "rank": 26,
    "redsecTtkMs": 792,
    "roleFit": 78,
    "score": 75,
    "tier": "A",
    "weapon": "M417 A2",
  },
  {
    "categoryRank": {
      "position": 4,
      "total": 9,
    },
    "categoryTier": "A",
    "className": "SMG",
    "dataQuality": 100,
    "mpTtkMs": 272,
    "rank": 27,
    "redsecTtkMs": 682,
    "roleFit": 70,
    "score": 75,
    "tier": "A",
    "weapon": "SCW-10",
  },
  {
    "categoryRank": {
      "position": 5,
      "total": 9,
    },
    "categoryTier": "B",
    "className": "SMG",
    "dataQuality": 100,
    "mpTtkMs": 280,
    "rank": 28,
    "redsecTtkMs": 656,
    "roleFit": 70,
    "score": 75,
    "tier": "A",
    "weapon": "KV9",
  },
  {
    "categoryRank": {
      "position": 6,
      "total": 9,
    },
    "categoryTier": "B",
    "className": "SMG",
    "dataQuality": 100,
    "mpTtkMs": 350,
    "rank": 29,
    "redsecTtkMs": 819,
    "roleFit": 70,
    "score": 75,
    "tier": "A",
    "weapon": "PW7A2",
  },
  {
    "categoryRank": {
      "position": 7,
      "total": 9,
    },
    "categoryTier": "C",
    "className": "SMG",
    "dataQuality": 100,
    "mpTtkMs": 300,
    "rank": 30,
    "redsecTtkMs": 709,
    "roleFit": 70,
    "score": 75,
    "tier": "A",
    "weapon": "CZ3A1",
  },
  {
    "categoryRank": {
      "position": 8,
      "total": 9,
    },
    "categoryTier": "D",
    "className": "SMG",
    "dataQuality": 100,
    "mpTtkMs": 419,
    "rank": 31,
    "redsecTtkMs": 1017,
    "roleFit": 70,
    "score": 74,
    "tier": "A",
    "weapon": "UMG-40",
  },
  {
    "categoryRank": {
      "position": 9,
      "total": 9,
    },
    "categoryTier": "D",
    "className": "SMG",
    "dataQuality": 100,
    "mpTtkMs": 395,
    "rank": 32,
    "redsecTtkMs": 958,
    "roleFit": 70,
    "score": 74,
    "tier": "A",
    "weapon": "SL9",
  },
  {
    "categoryRank": {
      "position": 1,
      "total": 5,
    },
    "categoryTier": "S",
    "className": "DMR",
    "dataQuality": 100,
    "mpTtkMs": 492,
    "rank": 33,
    "redsecTtkMs": 978,
    "roleFit": 72,
    "score": 73,
    "tier": "A",
    "weapon": "M39 EMR",
  },
  {
    "categoryRank": {
      "position": 2,
      "total": 5,
    },
    "categoryTier": "A",
    "className": "Sniper",
    "dataQuality": 100,
    "mpTtkMs": 1201,
    "rank": 34,
    "redsecTtkMs": 2397,
    "roleFit": 42,
    "score": 71,
    "tier": "B",
    "weapon": "MINI SCOUT",
  },
  {
    "categoryRank": {
      "position": 3,
      "total": 5,
    },
    "categoryTier": "B",
    "className": "Sniper",
    "dataQuality": 100,
    "mpTtkMs": 1607,
    "rank": 35,
    "redsecTtkMs": 3207,
    "roleFit": 42,
    "score": 71,
    "tier": "B",
    "weapon": "SV-98",
  },
  {
    "categoryRank": {
      "position": 1,
      "total": 6,
    },
    "categoryTier": "S",
    "className": "Pistol",
    "dataQuality": 100,
    "mpTtkMs": 501,
    "rank": 36,
    "redsecTtkMs": 1061,
    "roleFit": 28,
    "score": 71,
    "tier": "B",
    "weapon": "VZ. 61",
  },
  {
    "categoryRank": {
      "position": 4,
      "total": 5,
    },
    "categoryTier": "C",
    "className": "Sniper",
    "dataQuality": 100,
    "mpTtkMs": 1607,
    "rank": 37,
    "redsecTtkMs": 3207,
    "roleFit": 42,
    "score": 70,
    "tier": "B",
    "weapon": "PSR",
  },
  {
    "categoryRank": {
      "position": 5,
      "total": 5,
    },
    "categoryTier": "D",
    "className": "Sniper",
    "dataQuality": 100,
    "mpTtkMs": 1333,
    "rank": 38,
    "redsecTtkMs": 2658,
    "roleFit": 42,
    "score": 70,
    "tier": "B",
    "weapon": "L115",
  },
  {
    "categoryRank": {
      "position": 9,
      "total": 10,
    },
    "categoryTier": "D",
    "className": "LMG",
    "dataQuality": 100,
    "mpTtkMs": 254,
    "rank": 39,
    "redsecTtkMs": 644,
    "roleFit": 97,
    "score": 69,
    "tier": "B",
    "weapon": "M123K",
  },
  {
    "categoryRank": {
      "position": 10,
      "total": 10,
    },
    "categoryTier": "D",
    "className": "LMG",
    "dataQuality": 100,
    "mpTtkMs": 232,
    "rank": 40,
    "redsecTtkMs": 756,
    "roleFit": 97,
    "score": 68,
    "tier": "B",
    "weapon": "M240L",
  },
  {
    "categoryRank": {
      "position": 7,
      "total": 8,
    },
    "categoryTier": "D",
    "className": "Carbine",
    "dataQuality": 100,
    "mpTtkMs": 282,
    "rank": 41,
    "redsecTtkMs": 639,
    "roleFit": 78,
    "score": 68,
    "tier": "B",
    "weapon": "M277",
  },
  {
    "categoryRank": {
      "position": 1,
      "total": 4,
    },
    "categoryTier": "S",
    "className": "Shotgun",
    "dataQuality": 100,
    "mpTtkMs": 688,
    "rank": 42,
    "redsecTtkMs": 2641,
    "roleFit": 48,
    "score": 68,
    "tier": "B",
    "weapon": "M87A1",
  },
  {
    "categoryRank": {
      "position": 2,
      "total": 6,
    },
    "categoryTier": "S",
    "className": "Pistol",
    "dataQuality": 100,
    "mpTtkMs": 657,
    "rank": 43,
    "redsecTtkMs": 1600,
    "roleFit": 28,
    "score": 68,
    "tier": "B",
    "weapon": "P18",
  },
  {
    "categoryRank": {
      "position": 1,
      "total": 1,
    },
    "categoryTier": "S",
    "className": "Revolver",
    "dataQuality": 100,
    "mpTtkMs": 414,
    "rank": 44,
    "redsecTtkMs": 1920,
    "roleFit": 28,
    "score": 67,
    "tier": "B",
    "weapon": "M44",
  },
  {
    "categoryRank": {
      "position": 2,
      "total": 5,
    },
    "categoryTier": "A",
    "className": "DMR",
    "dataQuality": 100,
    "mpTtkMs": 431,
    "rank": 45,
    "redsecTtkMs": 855,
    "roleFit": 72,
    "score": 65,
    "tier": "B",
    "weapon": "SVDM",
  },
  {
    "categoryRank": {
      "position": 3,
      "total": 5,
    },
    "categoryTier": "B",
    "className": "DMR",
    "dataQuality": 100,
    "mpTtkMs": 520,
    "rank": 46,
    "redsecTtkMs": 1035,
    "roleFit": 72,
    "score": 65,
    "tier": "B",
    "weapon": "GRT-CPS",
  },
  {
    "categoryRank": {
      "position": 4,
      "total": 5,
    },
    "categoryTier": "C",
    "className": "DMR",
    "dataQuality": 100,
    "mpTtkMs": 422,
    "rank": 47,
    "redsecTtkMs": 1239,
    "roleFit": 72,
    "score": 63,
    "tier": "B",
    "weapon": "SVK-8.6",
  },
  {
    "categoryRank": {
      "position": 2,
      "total": 4,
    },
    "categoryTier": "A",
    "className": "Shotgun",
    "dataQuality": 100,
    "mpTtkMs": 450,
    "rank": 48,
    "redsecTtkMs": 1488,
    "roleFit": 48,
    "score": 61,
    "tier": "C",
    "weapon": "18.5KS-K",
  },
  {
    "categoryRank": {
      "position": 9,
      "total": 10,
    },
    "categoryTier": "D",
    "className": "Assault Rifle",
    "dataQuality": 100,
    "mpTtkMs": 198,
    "rank": 49,
    "redsecTtkMs": 637,
    "roleFit": 84,
    "score": 60,
    "tier": "C",
    "weapon": "TR-7",
  },
  {
    "categoryRank": {
      "position": 3,
      "total": 6,
    },
    "categoryTier": "A",
    "className": "Pistol",
    "dataQuality": 100,
    "mpTtkMs": 717,
    "rank": 50,
    "redsecTtkMs": 1754,
    "roleFit": 28,
    "score": 60,
    "tier": "C",
    "weapon": "GGH-22",
  },
  {
    "categoryRank": {
      "position": 4,
      "total": 6,
    },
    "categoryTier": "B",
    "className": "Pistol",
    "dataQuality": 100,
    "mpTtkMs": 582,
    "rank": 51,
    "redsecTtkMs": 1685,
    "roleFit": 28,
    "score": 59,
    "tier": "C",
    "weapon": "M357 TRAIT",
  },
  {
    "categoryRank": {
      "position": 5,
      "total": 6,
    },
    "categoryTier": "D",
    "className": "Pistol",
    "dataQuality": 100,
    "mpTtkMs": 697,
    "rank": 52,
    "redsecTtkMs": 1521,
    "roleFit": 28,
    "score": 53,
    "tier": "C",
    "weapon": "ES 5.7",
  },
  {
    "categoryRank": {
      "position": 3,
      "total": 4,
    },
    "categoryTier": "B",
    "className": "Shotgun",
    "dataQuality": 100,
    "mpTtkMs": 650,
    "rank": 53,
    "redsecTtkMs": 1588,
    "roleFit": 48,
    "score": 52,
    "tier": "C",
    "weapon": "M1014",
  },
  {
    "categoryRank": {
      "position": 4,
      "total": 4,
    },
    "categoryTier": "D",
    "className": "Shotgun",
    "dataQuality": 100,
    "mpTtkMs": 850,
    "rank": 54,
    "redsecTtkMs": 2888,
    "roleFit": 48,
    "score": 52,
    "tier": "C",
    "weapon": "DB-12",
  },
  {
    "categoryRank": {
      "position": 6,
      "total": 6,
    },
    "categoryTier": "D",
    "className": "Pistol",
    "dataQuality": 100,
    "mpTtkMs": 610,
    "rank": 55,
    "redsecTtkMs": 1572,
    "roleFit": 28,
    "score": 52,
    "tier": "C",
    "weapon": "M45A1",
  },
  {
    "categoryRank": {
      "position": 10,
      "total": 10,
    },
    "categoryTier": "D",
    "className": "Assault Rifle",
    "dataQuality": 100,
    "mpTtkMs": 256,
    "rank": 56,
    "redsecTtkMs": 661,
    "roleFit": 84,
    "score": 51,
    "tier": "C",
    "weapon": "M16A4",
  },
  {
    "categoryRank": {
      "position": 8,
      "total": 8,
    },
    "categoryTier": "D",
    "className": "Carbine",
    "dataQuality": 100,
    "mpTtkMs": 323,
    "rank": 57,
    "redsecTtkMs": 781,
    "roleFit": 78,
    "score": 50,
    "tier": "C",
    "weapon": "GRT-BC",
  },
  {
    "categoryRank": {
      "position": 5,
      "total": 5,
    },
    "categoryTier": "D",
    "className": "DMR",
    "dataQuality": 100,
    "mpTtkMs": 423,
    "rank": 58,
    "redsecTtkMs": 840,
    "roleFit": 72,
    "score": 48,
    "tier": "D",
    "weapon": "LMR 27",
  },
]
`;
