// Vitest Snapshot v1, https://vitest.dev/guide/snapshot.html

exports[`solvedBuilds generated output > keeps solved builds stable 1`] = `
[
  {
    "archetype": "mid-control",
    "attachments": [
      "Linear Compensator",
      "Extended Barrel",
      "Low-Profile Stubby",
      "Blue Laser (120 mW)",
    ],
    "objectiveScore": 86,
    "totalPoints": 100,
    "weapon": "M433",
  },
  {
    "archetype": "mid-control",
    "attachments": [
      "Linear Compensator",
      "Light Barrel",
      "Classic Vertical",
      "Blue Laser (120 mW)",
    ],
    "objectiveScore": 88,
    "totalPoints": 95,
    "weapon": "B36A4",
  },
  {
    "archetype": "mid-control",
    "attachments": [
      "Flash Compensator",
      "Light Barrel",
      "Classic Vertical",
      "Blue Laser (50 mW)",
    ],
    "objectiveScore": 93,
    "totalPoints": 95,
    "weapon": "SOR-556 MK2",
  },
  {
    "archetype": "mid-control",
    "attachments": [
      "Flash Compensator",
      "Light Barrel",
      "Classic Vertical",
      "Blue Laser (50 mW)",
    ],
    "objectiveScore": 84,
    "totalPoints": 95,
    "weapon": "AK4D",
  },
  {
    "archetype": "mid-control",
    "attachments": [
      "Flash Compensator",
      "Extended Barrel",
      "Classic Vertical",
      "Blue Laser (120 mW)",
    ],
    "objectiveScore": 83,
    "totalPoints": 100,
    "weapon": "TR-7",
  },
  {
    "archetype": "mid-control",
    "attachments": [
      "Long Suppressor",
      "Light Barrel",
      "Classic Vertical",
      "Blue Laser (50 mW)",
    ],
    "objectiveScore": 86,
    "totalPoints": 100,
    "weapon": "KORD 6P67",
  },
  {
    "archetype": "mid-control",
    "attachments": [
      "Linear Compensator",
      "Extended Barrel",
      "Low-Profile Stubby",
      "Blue Laser (120 mW)",
    ],
    "objectiveScore": 87,
    "totalPoints": 100,
    "weapon": "NVO-228E",
  },
  {
    "archetype": "mid-control",
    "attachments": [
      "Linear Compensator",
      "Light Barrel",
      "Classic Vertical",
      "Blue Laser (120 mW)",
    ],
    "objectiveScore": 89,
    "totalPoints": 95,
    "weapon": "L85A3",
  },
  {
    "archetype": "mid-control",
    "attachments": [
      "Linear Compensator",
      "Extended Barrel",
      "Low-Profile Stubby",
      "Blue Laser (120 mW)",
    ],
    "objectiveScore": 86,
    "totalPoints": 100,
    "weapon": "VCR-2",
  },
  {
    "archetype": "mobile-flex",
    "attachments": [
      "Compensated Brake",
      "Extended Barrel",
      "Low-Profile Stubby",
      "Blue Laser (50 mW)",
    ],
    "objectiveScore": 96,
    "totalPoints": 100,
    "weapon": "M4A1",
  },
  {
    "archetype": "mobile-flex",
    "attachments": [
      "Double-Port Brake",
      "Short Barrel",
      "Low-Profile Stubby",
      "Blue Laser (120 mW)",
    ],
    "objectiveScore": 96,
    "totalPoints": 100,
    "weapon": "M277",
  },
  {
    "archetype": "mobile-flex",
    "attachments": [
      "Single-Port Brake",
      "Light Barrel",
      "Low-Profile Stubby",
      "Blue Laser (120 mW)",
    ],
    "objectiveScore": 96,
    "totalPoints": 100,
    "weapon": "AK-205",
  },
  {
    "archetype": "mobile-flex",
    "attachments": [
      "Compensated Brake",
      "Short Barrel",
      "Low-Profile Stubby",
      "Blue Laser (50 mW)",
    ],
    "objectiveScore": 97,
    "totalPoints": 100,
    "weapon": "M417 A2",
  },
  {
    "archetype": "mobile-flex",
    "attachments": [
      "Compensated Brake",
      "Short Barrel",
      "Low-Profile Stubby",
      "Blue Laser (50 mW)",
    ],
    "objectiveScore": 99,
    "totalPoints": 100,
    "weapon": "GRT-BC",
  },
  {
    "archetype": "mobile-flex",
    "attachments": [
      "Compensated Brake",
      "Short Barrel",
      "Low-Profile Stubby",
      "Blue Laser (50 mW)",
    ],
    "objectiveScore": 97,
    "totalPoints": 100,
    "weapon": "QBZ-192",
  },
  {
    "archetype": "mobile-flex",
    "attachments": [
      "Compensated Brake",
      "Short Barrel",
      "Low-Profile Stubby",
      "Blue Laser (50 mW)",
    ],
    "objectiveScore": 97,
    "totalPoints": 100,
    "weapon": "SG 553R",
  },
  {
    "archetype": "mobile-flex",
    "attachments": [
      "Compensated Brake",
      "Short Barrel",
      "Low-Profile Stubby",
      "Blue Laser (50 mW)",
    ],
    "objectiveScore": 97,
    "totalPoints": 100,
    "weapon": "SOR-300SC",
  },
  {
    "archetype": "close-redsec",
    "attachments": [
      "CQB Suppressor",
      "Short Barrel",
      "Stippled Stubby",
      "Blue Laser (50 mW)",
    ],
    "objectiveScore": 100,
    "totalPoints": 100,
    "weapon": "SGX",
  },
  {
    "archetype": "close-redsec",
    "attachments": [
      "CQB Suppressor",
      "Short Barrel",
      "Stippled Stubby",
      "Blue Laser (50 mW)",
    ],
    "objectiveScore": 100,
    "totalPoints": 100,
    "weapon": "PW5A3",
  },
  {
    "archetype": "close-redsec",
    "attachments": [
      "CQB Suppressor",
      "Short Barrel",
      "Stippled Stubby",
      "Blue Laser (50 mW)",
    ],
    "objectiveScore": 100,
    "totalPoints": 100,
    "weapon": "PW7A2",
  },
  {
    "archetype": "close-redsec",
    "attachments": [
      "CQB Suppressor",
      "Short Barrel",
      "Stippled Stubby",
      "Blue Laser (50 mW)",
    ],
    "objectiveScore": 100,
    "totalPoints": 100,
    "weapon": "UMG-40",
  },
  {
    "archetype": "close-redsec",
    "attachments": [
      "CQB Suppressor",
      "Short Barrel",
      "Stippled Stubby",
      "Blue Laser (50 mW)",
    ],
    "objectiveScore": 100,
    "totalPoints": 100,
    "weapon": "USG-90",
  },
  {
    "archetype": "close-redsec",
    "attachments": [
      "CQB Suppressor",
      "Short Barrel",
      "Stippled Stubby",
      "Blue Laser (50 mW)",
    ],
    "objectiveScore": 100,
    "totalPoints": 100,
    "weapon": "KV9",
  },
  {
    "archetype": "close-redsec",
    "attachments": [
      "Long Suppressor",
      "Light Barrel",
      "Stippled Stubby",
      "Blue Laser (50 mW)",
    ],
    "objectiveScore": 100,
    "totalPoints": 100,
    "weapon": "SCW-10",
  },
  {
    "archetype": "close-redsec",
    "attachments": [
      "CQB Suppressor",
      "Short Barrel",
      "Stippled Stubby",
      "Blue Laser (50 mW)",
    ],
    "objectiveScore": 100,
    "totalPoints": 100,
    "weapon": "SL9",
  },
  {
    "archetype": "close-redsec",
    "attachments": [
      "CQB Suppressor",
      "Short Barrel",
      "Stippled Stubby",
      "Blue Laser (50 mW)",
    ],
    "objectiveScore": 100,
    "totalPoints": 100,
    "weapon": "CZ3A1",
  },
  {
    "archetype": "anchor-sustain",
    "attachments": [
      "Compensated Brake",
      "Heavy Barrel",
      "Classic Vertical",
      "Blue Laser (120 mW)",
    ],
    "objectiveScore": 92,
    "totalPoints": 95,
    "weapon": "L110",
  },
  {
    "archetype": "anchor-sustain",
    "attachments": [
      "Compensated Brake",
      "Heavy Barrel",
      "Classic Vertical",
      "Blue Laser (120 mW)",
    ],
    "objectiveScore": 90,
    "totalPoints": 95,
    "weapon": "DRS-IAR",
  },
  {
    "archetype": "anchor-sustain",
    "attachments": [
      "Compensated Brake",
      "Heavy Barrel",
      "Classic Vertical",
      "Blue Laser (120 mW)",
    ],
    "objectiveScore": 91,
    "totalPoints": 95,
    "weapon": "M/60",
  },
  {
    "archetype": "anchor-sustain",
    "attachments": [
      "Compensated Brake",
      "Heavy Barrel",
      "Classic Vertical",
      "Blue Laser (120 mW)",
    ],
    "objectiveScore": 95,
    "totalPoints": 95,
    "weapon": "RPKM",
  },
  {
    "archetype": "anchor-sustain",
    "attachments": [
      "Compensated Brake",
      "Heavy Barrel",
      "Classic Vertical",
      "Blue Laser (120 mW)",
    ],
    "objectiveScore": 92,
    "totalPoints": 95,
    "weapon": "M123K",
  },
  {
    "archetype": "anchor-sustain",
    "attachments": [
      "Compensated Brake",
      "Heavy Barrel",
      "Classic Vertical",
      "Blue Laser (120 mW)",
    ],
    "objectiveScore": 91,
    "totalPoints": 95,
    "weapon": "M250",
  },
  {
    "archetype": "anchor-sustain",
    "attachments": [
      "Long Suppressor",
      "Heavy Barrel",
      "Classic Vertical",
      "Blue Laser (120 mW)",
    ],
    "objectiveScore": 100,
    "totalPoints": 100,
    "weapon": "KTS100 MK8",
  },
  {
    "archetype": "anchor-sustain",
    "attachments": [
      "Compensated Brake",
      "Heavy Barrel",
      "Classic Vertical",
      "Blue Laser (120 mW)",
    ],
    "objectiveScore": 91,
    "totalPoints": 95,
    "weapon": "M240L",
  },
  {
    "archetype": "anchor-sustain",
    "attachments": [
      "Compensated Brake",
      "Heavy Barrel",
      "Classic Vertical",
      "Blue Laser (120 mW)",
    ],
    "objectiveScore": 91,
    "totalPoints": 95,
    "weapon": "M121 A2",
  },
  {
    "archetype": "info-range",
    "attachments": [
      "Flash Compensator",
      "Heavy Barrel",
      "Classic Vertical",
      "Blue Laser (120 mW)",
    ],
    "objectiveScore": 92,
    "totalPoints": 95,
    "weapon": "M39 EMR",
  },
  {
    "archetype": "info-range",
    "attachments": [
      "Flash Compensator",
      "Heavy Barrel",
      "Classic Vertical",
      "Blue Laser (120 mW)",
    ],
    "objectiveScore": 91,
    "totalPoints": 95,
    "weapon": "LMR27",
  },
  {
    "archetype": "info-range",
    "attachments": [
      "Linear Compensator",
      "Heavy Barrel",
      "Low-Profile Stubby",
      "Blue Laser (120 mW)",
    ],
    "objectiveScore": 88,
    "totalPoints": 95,
    "weapon": "SVK-8.6",
  },
  {
    "archetype": "info-range",
    "attachments": [
      "Long Suppressor",
      "Heavy Extended Barrel",
      "Classic Vertical",
      "Blue Laser (120 mW)",
    ],
    "objectiveScore": 92,
    "totalPoints": 100,
    "weapon": "SVDM",
  },
  {
    "archetype": "info-range",
    "attachments": [
      "Flash Compensator",
      "Heavy Barrel",
      "Classic Vertical",
      "Blue Laser (120 mW)",
    ],
    "objectiveScore": 91,
    "totalPoints": 95,
    "weapon": "GRT-CPS",
  },
  {
    "archetype": "mobile-pick",
    "attachments": [
      "Light Suppressor",
      "Heavy Extended Barrel",
      "Full Angled",
      "Blue Laser (120 mW)",
    ],
    "objectiveScore": 92,
    "totalPoints": 95,
    "weapon": "M2010 ESR",
  },
  {
    "archetype": "mobile-pick",
    "attachments": [
      "Light Suppressor",
      "Heavy Extended Barrel",
      "Full Angled",
      "Blue Laser (120 mW)",
    ],
    "objectiveScore": 84,
    "totalPoints": 95,
    "weapon": "SV-98",
  },
  {
    "archetype": "mobile-pick",
    "attachments": [
      "Light Suppressor",
      "Heavy Extended Barrel",
      "Full Angled",
      "Blue Laser (120 mW)",
    ],
    "objectiveScore": 88,
    "totalPoints": 95,
    "weapon": "PSR",
  },
  {
    "archetype": "mobile-pick",
    "attachments": [
      "Long Suppressor",
      "Heavy Extended Barrel",
      "Classic Vertical",
      "Blue Laser (120 mW)",
    ],
    "objectiveScore": 83,
    "totalPoints": 100,
    "weapon": "MINI SCOUT",
  },
  {
    "archetype": "building-clear",
    "attachments": [
      "CQB Suppressor",
      "Short Barrel",
      "Full Angled",
      "Blue Laser (120 mW)",
    ],
    "objectiveScore": 100,
    "totalPoints": 100,
    "weapon": "M87A1",
  },
  {
    "archetype": "building-clear",
    "attachments": [
      "CQB Suppressor",
      "Extended Barrel",
      "Full Angled",
      "Blue Laser (120 mW)",
    ],
    "objectiveScore": 100,
    "totalPoints": 100,
    "weapon": "M1014",
  },
  {
    "archetype": "building-clear",
    "attachments": [
      "CQB Suppressor",
      "Basic Barrel",
      "Canted Stubby",
      "Blue Laser (120 mW)",
    ],
    "objectiveScore": 100,
    "totalPoints": 100,
    "weapon": "18.5KS-K",
  },
  {
    "archetype": "building-clear",
    "attachments": [
      "CQB Suppressor",
      "Short Barrel",
      "6h64 Vertical",
      "Blue Laser (120 mW)",
    ],
    "objectiveScore": 100,
    "totalPoints": 100,
    "weapon": "DB-12",
  },
  {
    "archetype": "emergency-backup",
    "attachments": [
      "CQB Suppressor",
      "Light Barrel",
      "Blue Laser (120 mW)",
    ],
    "objectiveScore": 80,
    "totalPoints": 80,
    "weapon": "P18",
  },
  {
    "archetype": "emergency-backup",
    "attachments": [
      "CQB Suppressor",
      "Light Barrel",
      "Blue Laser (120 mW)",
    ],
    "objectiveScore": 90,
    "totalPoints": 80,
    "weapon": "ES 5.7",
  },
  {
    "archetype": "emergency-backup",
    "attachments": [
      "CQB Suppressor",
      "Heavy Extended Barrel",
      "Blue Laser (120 mW)",
    ],
    "objectiveScore": 77,
    "totalPoints": 70,
    "weapon": "M45A1",
  },
  {
    "archetype": "emergency-backup",
    "attachments": [
      "CQB Suppressor",
      "Heavy Extended Barrel",
      "Blue Laser (120 mW)",
    ],
    "objectiveScore": 71,
    "totalPoints": 70,
    "weapon": "M44",
  },
  {
    "archetype": "emergency-backup",
    "attachments": [
      "CQB Suppressor",
      "Light Barrel",
      "Blue Laser (120 mW)",
    ],
    "objectiveScore": 77,
    "totalPoints": 80,
    "weapon": "GGH-22",
  },
  {
    "archetype": "emergency-backup",
    "attachments": [
      "CQB Suppressor",
      "Heavy Extended Barrel",
      "Blue Laser (120 mW)",
    ],
    "objectiveScore": 77,
    "totalPoints": 70,
    "weapon": "M357 TRAIT",
  },
  {
    "archetype": "emergency-backup",
    "attachments": [
      "CQB Suppressor",
      "Heavy Extended Barrel",
      "Blue Laser (120 mW)",
    ],
    "objectiveScore": 85,
    "totalPoints": 70,
    "weapon": "VZ. 61",
  },
]
`;
