// Vitest Snapshot v1, https://vitest.dev/guide/snapshot.html

exports[`solvedBuilds generated output > keeps solved builds stable 1`] = `
[
  {
    "archetype": "mid-control",
    "attachments": [
      "Compensated Brake",
      "Heavy Extended Barrel",
      "Classic Vertical",
      "Blue Laser (50 mW)",
    ],
    "objectiveScore": 82,
    "totalPoints": 85,
    "weapon": "M433",
  },
  {
    "archetype": "mid-control",
    "attachments": [
      "Flash Compensator",
      "Classic Vertical",
      "Blue Laser (50 mW)",
    ],
    "objectiveScore": 80,
    "totalPoints": 75,
    "weapon": "B36A4",
  },
  {
    "archetype": "mid-control",
    "attachments": [
      "Long Suppressor",
      "Classic Vertical",
      "Violet Laser (50 mW)",
    ],
    "objectiveScore": 80,
    "totalPoints": 70,
    "weapon": "SOR-556 MK2",
  },
  {
    "archetype": "mid-control",
    "attachments": [
      "Flash Compensator",
      "Heavy Extended Barrel",
      "Classic Vertical",
      "Blue Laser (50 mW)",
    ],
    "objectiveScore": 80,
    "totalPoints": 85,
    "weapon": "AK4D",
  },
  {
    "archetype": "mid-control",
    "attachments": [
      "Flash Compensator",
      "Heavy Extended Barrel",
      "Classic Vertical",
      "Blue Laser (50 mW)",
    ],
    "objectiveScore": 81,
    "totalPoints": 85,
    "weapon": "TR-7",
  },
  {
    "archetype": "mid-control",
    "attachments": [
      "Long Suppressor",
      "Classic Vertical",
      "Violet Laser (50 mW)",
    ],
    "objectiveScore": 76,
    "totalPoints": 70,
    "weapon": "KORD 6P67",
  },
  {
    "archetype": "mid-control",
    "attachments": [
      "Flash Compensator",
      "Heavy Extended Barrel",
      "Classic Vertical",
      "Blue Laser (50 mW)",
    ],
    "objectiveScore": 83,
    "totalPoints": 85,
    "weapon": "NVO-228E",
  },
  {
    "archetype": "mid-control",
    "attachments": [
      "Flash Compensator",
      "Classic Vertical",
      "Blue Laser (50 mW)",
    ],
    "objectiveScore": 79,
    "totalPoints": 75,
    "weapon": "L85A3",
  },
  {
    "archetype": "mid-control",
    "attachments": [
      "Compensated Brake",
      "Heavy Extended Barrel",
      "Classic Vertical",
      "Blue Laser (50 mW)",
    ],
    "objectiveScore": 83,
    "totalPoints": 85,
    "weapon": "VCR-2",
  },
  {
    "archetype": "mobile-flex",
    "attachments": [
      "Single-Port Brake",
      "Short Barrel",
      "Classic Vertical",
      "Violet Laser (50 mW)",
    ],
    "objectiveScore": 78,
    "totalPoints": 65,
    "weapon": "M4A1",
  },
  {
    "archetype": "mobile-flex",
    "attachments": [
      "Single-Port Brake",
      "Short Barrel",
      "Classic Vertical",
      "Blue Laser (50 mW)",
    ],
    "objectiveScore": 83,
    "totalPoints": 75,
    "weapon": "M277",
  },
  {
    "archetype": "mobile-flex",
    "attachments": [
      "Single-Port Brake",
      "Short Barrel",
      "Folding Vertical",
      "Blue Laser (50 mW)",
    ],
    "objectiveScore": 70,
    "totalPoints": 50,
    "weapon": "AK-205",
  },
  {
    "archetype": "mobile-flex",
    "attachments": [
      "Single-Port Brake",
      "Short Barrel",
      "Classic Vertical",
      "Blue Laser (50 mW)",
    ],
    "objectiveScore": 80,
    "totalPoints": 75,
    "weapon": "M417 A2",
  },
  {
    "archetype": "mobile-flex",
    "attachments": [
      "Single-Port Brake",
      "Short Barrel",
      "Classic Vertical",
      "Blue Laser (50 mW)",
    ],
    "objectiveScore": 78,
    "totalPoints": 75,
    "weapon": "GRT-BC",
  },
  {
    "archetype": "mobile-flex",
    "attachments": [
      "Single-Port Brake",
      "Short Barrel",
      "Classic Vertical",
      "Blue Laser (50 mW)",
    ],
    "objectiveScore": 78,
    "totalPoints": 75,
    "weapon": "QBZ-192",
  },
  {
    "archetype": "mobile-flex",
    "attachments": [
      "Single-Port Brake",
      "Short Barrel",
      "Classic Vertical",
      "Blue Laser (50 mW)",
    ],
    "objectiveScore": 80,
    "totalPoints": 75,
    "weapon": "SG 553R",
  },
  {
    "archetype": "mobile-flex",
    "attachments": [
      "Single-Port Brake",
      "Short Barrel",
      "Classic Vertical",
      "Blue Laser (50 mW)",
    ],
    "objectiveScore": 78,
    "totalPoints": 75,
    "weapon": "SOR-300SC",
  },
  {
    "archetype": "close-redsec",
    "attachments": [
      "Flash Hider",
      "Adjustable Angled",
      "Green Laser (50 mW)",
    ],
    "objectiveScore": 71,
    "totalPoints": 45,
    "weapon": "SGX",
  },
  {
    "archetype": "close-redsec",
    "attachments": [
      "Flash Hider",
      "Adjustable Angled",
      "Green Laser (50 mW)",
    ],
    "objectiveScore": 71,
    "totalPoints": 45,
    "weapon": "PW5A3",
  },
  {
    "archetype": "close-redsec",
    "attachments": [
      "Flash Hider",
      "Adjustable Angled",
      "Green Laser (50 mW)",
    ],
    "objectiveScore": 71,
    "totalPoints": 45,
    "weapon": "PW7A2",
  },
  {
    "archetype": "close-redsec",
    "attachments": [
      "Flash Hider",
      "Adjustable Angled",
      "Green Laser (50 mW)",
    ],
    "objectiveScore": 71,
    "totalPoints": 45,
    "weapon": "UMG-40",
  },
  {
    "archetype": "close-redsec",
    "attachments": [
      "Adjustable Angled",
      "Green Laser (50 mW)",
    ],
    "objectiveScore": 71,
    "totalPoints": 35,
    "weapon": "USG-90",
  },
  {
    "archetype": "close-redsec",
    "attachments": [
      "Standard Suppressor",
      "Adjustable Angled",
      "Green Laser (5 mW)",
    ],
    "objectiveScore": 76,
    "totalPoints": 45,
    "weapon": "KV9",
  },
  {
    "archetype": "close-redsec",
    "attachments": [
      "Standard Suppressor",
      "Adjustable Angled",
    ],
    "objectiveScore": 64,
    "totalPoints": 35,
    "weapon": "SCW-10",
  },
  {
    "archetype": "close-redsec",
    "attachments": [
      "Flash Hider",
      "Short Barrel",
      "Green Laser (5 mW)",
    ],
    "objectiveScore": 72,
    "totalPoints": 35,
    "weapon": "SL9",
  },
  {
    "archetype": "close-redsec",
    "attachments": [
      "Flash Hider",
      "Adjustable Angled",
      "Green Laser (5 mW)",
    ],
    "objectiveScore": 71,
    "totalPoints": 35,
    "weapon": "CZ3A1",
  },
  {
    "archetype": "anchor-sustain",
    "attachments": [
      "Compensated Brake",
      "Heavy Barrel",
      "Classic Vertical",
    ],
    "objectiveScore": 83,
    "totalPoints": 65,
    "weapon": "L110",
  },
  {
    "archetype": "anchor-sustain",
    "attachments": [
      "Compensated Brake",
      "Heavy Barrel",
      "Classic Vertical",
    ],
    "objectiveScore": 85,
    "totalPoints": 65,
    "weapon": "DRS-IAR",
  },
  {
    "archetype": "anchor-sustain",
    "attachments": [
      "Compensated Brake",
      "Heavy Barrel",
      "Classic Vertical",
    ],
    "objectiveScore": 80,
    "totalPoints": 65,
    "weapon": "M/60",
  },
  {
    "archetype": "anchor-sustain",
    "attachments": [
      "Long Suppressor",
      "Heavy Barrel",
      "Classic Vertical",
    ],
    "objectiveScore": 81,
    "totalPoints": 70,
    "weapon": "RPKM",
  },
  {
    "archetype": "anchor-sustain",
    "attachments": [
      "Compensated Brake",
      "Heavy Barrel",
      "Classic Vertical",
    ],
    "objectiveScore": 85,
    "totalPoints": 65,
    "weapon": "M123K",
  },
  {
    "archetype": "anchor-sustain",
    "attachments": [
      "Compensated Brake",
      "Heavy Barrel",
      "Classic Vertical",
    ],
    "objectiveScore": 85,
    "totalPoints": 65,
    "weapon": "M250",
  },
  {
    "archetype": "anchor-sustain",
    "attachments": [
      "Compensated Brake",
      "Heavy Barrel",
      "Folding Vertical",
    ],
    "objectiveScore": 63,
    "totalPoints": 40,
    "weapon": "KTS100 MK8",
  },
  {
    "archetype": "anchor-sustain",
    "attachments": [
      "Compensated Brake",
      "Heavy Barrel",
      "Classic Vertical",
    ],
    "objectiveScore": 85,
    "totalPoints": 65,
    "weapon": "M240L",
  },
  {
    "archetype": "anchor-sustain",
    "attachments": [
      "Compensated Brake",
      "Heavy Barrel",
      "Classic Vertical",
    ],
    "objectiveScore": 85,
    "totalPoints": 65,
    "weapon": "M121 A2",
  },
  {
    "archetype": "info-range",
    "attachments": [
      "Flash Compensator",
      "Heavy Barrel",
      "Classic Vertical",
      "Green Laser (5 mW)",
    ],
    "objectiveScore": 76,
    "totalPoints": 75,
    "weapon": "M39 EMR",
  },
  {
    "archetype": "info-range",
    "attachments": [
      "Standard Suppressor",
      "Heavy Barrel",
      "Classic Vertical",
    ],
    "objectiveScore": 80,
    "totalPoints": 65,
    "weapon": "LMR27",
  },
  {
    "archetype": "info-range",
    "attachments": [
      "Flash Compensator",
      "Heavy Barrel",
      "Classic Vertical",
      "Green Laser (5 mW)",
    ],
    "objectiveScore": 83,
    "totalPoints": 75,
    "weapon": "SVK-8.6",
  },
  {
    "archetype": "info-range",
    "attachments": [
      "Standard Suppressor",
      "Heavy Extended Barrel",
      "Classic Vertical",
    ],
    "objectiveScore": 83,
    "totalPoints": 65,
    "weapon": "SVDM",
  },
  {
    "archetype": "info-range",
    "attachments": [
      "Flash Compensator",
      "Heavy Barrel",
      "Classic Vertical",
      "Green Laser (5 mW)",
    ],
    "objectiveScore": 71,
    "totalPoints": 75,
    "weapon": "GRT-CPS",
  },
  {
    "archetype": "mobile-pick",
    "attachments": [
      "Standard Suppressor",
      "Heavy Extended Barrel",
      "Adjustable Angled",
    ],
    "objectiveScore": 62,
    "totalPoints": 45,
    "weapon": "M2010 ESR",
  },
  {
    "archetype": "mobile-pick",
    "attachments": [
      "Flash Hider",
      "Heavy Extended Barrel",
      "Adjustable Angled",
    ],
    "objectiveScore": 47,
    "totalPoints": 35,
    "weapon": "SV-98",
  },
  {
    "archetype": "mobile-pick",
    "attachments": [
      "Flash Hider",
      "Heavy Extended Barrel",
      "Adjustable Angled",
    ],
    "objectiveScore": 64,
    "totalPoints": 35,
    "weapon": "PSR",
  },
  {
    "archetype": "mobile-pick",
    "attachments": [
      "Flash Hider",
    ],
    "objectiveScore": 5,
    "totalPoints": 10,
    "weapon": "MINI SCOUT",
  },
  {
    "archetype": "building-clear",
    "attachments": [
      "Standard Suppressor",
      "Short Barrel",
      "Adjustable Angled",
      "Green Laser (5 mW)",
    ],
    "objectiveScore": 88,
    "totalPoints": 60,
    "weapon": "M87A1",
  },
  {
    "archetype": "building-clear",
    "attachments": [
      "Standard Suppressor",
      "Basic Barrel",
      "Adjustable Angled",
      "Green Laser (5 mW)",
    ],
    "objectiveScore": 85,
    "totalPoints": 55,
    "weapon": "M1014",
  },
  {
    "archetype": "building-clear",
    "attachments": [
      "Standard Suppressor",
      "Short Barrel",
    ],
    "objectiveScore": 76,
    "totalPoints": 35,
    "weapon": "18.5KS-K",
  },
  {
    "archetype": "building-clear",
    "attachments": [
      "Standard Suppressor",
      "Green Laser (50 mW)",
    ],
    "objectiveScore": 87,
    "totalPoints": 40,
    "weapon": "DB-12",
  },
  {
    "archetype": "emergency-backup",
    "attachments": [
      "Basic Barrel",
      "Green Laser (5 mW)",
    ],
    "objectiveScore": 45,
    "totalPoints": 20,
    "weapon": "P18",
  },
  {
    "archetype": "emergency-backup",
    "attachments": [
      "Green Laser (5 mW)",
    ],
    "objectiveScore": 49,
    "totalPoints": 10,
    "weapon": "ES 5.7",
  },
  {
    "archetype": "emergency-backup",
    "attachments": [
      "Heavy Extended Barrel",
      "Green Laser (5 mW)",
    ],
    "objectiveScore": 51,
    "totalPoints": 20,
    "weapon": "M45A1",
  },
  {
    "archetype": "emergency-backup",
    "attachments": [
      "Heavy Extended Barrel",
      "Green Laser (5 mW)",
    ],
    "objectiveScore": 51,
    "totalPoints": 20,
    "weapon": "M44",
  },
  {
    "archetype": "emergency-backup",
    "attachments": [
      "Basic Barrel",
      "Green Laser (5 mW)",
    ],
    "objectiveScore": 44,
    "totalPoints": 20,
    "weapon": "GGH-22",
  },
  {
    "archetype": "emergency-backup",
    "attachments": [
      "Heavy Extended Barrel",
      "Green Laser (5 mW)",
    ],
    "objectiveScore": 51,
    "totalPoints": 20,
    "weapon": "M357 TRAIT",
  },
  {
    "archetype": "emergency-backup",
    "attachments": [
      "Heavy Extended Barrel",
      "Green Laser (5 mW)",
    ],
    "objectiveScore": 65,
    "totalPoints": 20,
    "weapon": "VZ. 61",
  },
]
`;
